2025-10-09 00:09:46.549 [JavaFX Application Thread] INFO  Utils.ThreadPoolManager - Thread pool manager initialized
2025-10-09 00:09:46.594 [Thread-5077] INFO  com.zaxxer.hikari.HikariDataSource - HikariPool-1 - Starting...
2025-10-09 00:09:48.460 [Thread-5077] INFO  com.zaxxer.hikari.pool.HikariPool - HikariPool-1 - Added connection com.mysql.cj.jdbc.ConnectionImpl@6f02a9be
2025-10-09 00:09:48.464 [Thread-5077] INFO  com.zaxxer.hikari.HikariDataSource - HikariPool-1 - Start completed.
2025-10-09 00:09:48.464 [Thread-5077] INFO  Database.DatabaseConnectionManager - Database connection pool initialized successfully
2025-10-09 00:09:48.832 [Thread-5077] INFO  Controllers.loginController - User admin logged in successfully with role: admin
2025-10-09 00:14:07.236 [JavaFX Application Thread] INFO  Utils.ThreadPoolManager - Thread pool manager initialized
2025-10-09 00:14:07.271 [Thread-700] INFO  com.zaxxer.hikari.HikariDataSource - HikariPool-1 - Starting...
2025-10-09 00:14:09.261 [Thread-700] INFO  com.zaxxer.hikari.pool.HikariPool - HikariPool-1 - Added connection com.mysql.cj.jdbc.ConnectionImpl@6c4ac81d
2025-10-09 00:14:09.265 [Thread-700] INFO  com.zaxxer.hikari.HikariDataSource - HikariPool-1 - Start completed.
2025-10-09 00:14:09.265 [Thread-700] INFO  Database.DatabaseConnectionManager - Database connection pool initialized successfully
2025-10-09 00:14:09.481 [Thread-700] INFO  Controllers.loginController - User admin logged in successfully with role: admin
2025-10-09 00:14:09.545 [JavaFX Application Thread] ERROR Controllers.loginController - Failed to load dashboard for role: admin
javafx.fxml.LoadException: 
/D:/7.Java_Workspace/Porsche/target/classes/View/adminDashboard.fxml:22

	at javafx.fxml.FXMLLoader.constructLoadException(FXMLLoader.java:2722)
	at javafx.fxml.FXMLLoader$ValueElement.processAttribute(FXMLLoader.java:946)
	at javafx.fxml.FXMLLoader$InstanceDeclarationElement.processAttribute(FXMLLoader.java:983)
	at javafx.fxml.FXMLLoader$Element.processStartElement(FXMLLoader.java:230)
	at javafx.fxml.FXMLLoader$ValueElement.processStartElement(FXMLLoader.java:757)
	at javafx.fxml.FXMLLoader.processStartElement(FXMLLoader.java:2853)
	at javafx.fxml.FXMLLoader.loadImpl(FXMLLoader.java:2649)
	at javafx.fxml.FXMLLoader.loadImpl(FXMLLoader.java:2563)
	at javafx.fxml.FXMLLoader.loadImpl(FXMLLoader.java:3376)
	at javafx.fxml.FXMLLoader.loadImpl(FXMLLoader.java:3332)
	at javafx.fxml.FXMLLoader.loadImpl(FXMLLoader.java:3300)
	at javafx.fxml.FXMLLoader.loadImpl(FXMLLoader.java:3272)
	at javafx.fxml.FXMLLoader.loadImpl(FXMLLoader.java:3248)
	at javafx.fxml.FXMLLoader.load(FXMLLoader.java:3241)
	at Controllers.loginController.lambda$0(loginController.java:195)
	at com.sun.javafx.event.CompositeEventHandler.dispatchBubblingEvent(CompositeEventHandler.java:86)
	at com.sun.javafx.event.EventHandlerManager.dispatchBubblingEvent(EventHandlerManager.java:232)
	at com.sun.javafx.event.EventHandlerManager.dispatchBubblingEvent(EventHandlerManager.java:189)
	at com.sun.javafx.event.BasicEventDispatcher.dispatchEvent(BasicEventDispatcher.java:58)
	at com.sun.javafx.event.EventDispatchChainImpl.dispatchEvent(EventDispatchChainImpl.java:114)
	at com.sun.javafx.event.EventUtil.fireEventImpl(EventUtil.java:74)
	at com.sun.javafx.event.EventUtil.fireEvent(EventUtil.java:54)
	at javafx.event.Event.fireEvent(Event.java:198)
	at javafx.concurrent.EventHelper.fireEvent(EventHelper.java:219)
	at javafx.concurrent.Task.fireEvent(Task.java:1332)
	at javafx.concurrent.Task.setState(Task.java:725)
	at javafx.concurrent.Task$TaskCallable.lambda$call$1(Task.java:1410)
	at com.sun.javafx.application.PlatformImpl.lambda$runLater$10(PlatformImpl.java:456)
	at java.base/java.security.AccessController.doPrivileged(Unknown Source)
	at com.sun.javafx.application.PlatformImpl.lambda$runLater$11(PlatformImpl.java:455)
	at com.sun.glass.ui.InvokeLaterDispatcher$Future.run(InvokeLaterDispatcher.java:95)
	at com.sun.glass.ui.win.WinApplication._runLoop(Native Method)
	at com.sun.glass.ui.win.WinApplication.lambda$runLoop$3(WinApplication.java:185)
	at java.base/java.lang.Thread.run(Unknown Source)
Caused by: java.lang.reflect.InvocationTargetException: null
	at java.base/jdk.internal.reflect.DirectConstructorHandleAccessor.newInstance(Unknown Source)
	at java.base/java.lang.reflect.Constructor.newInstanceWithCaller(Unknown Source)
	at java.base/java.lang.reflect.Constructor.newInstance(Unknown Source)
	at javafx.fxml.FXMLLoader$ValueElement.processAttribute(FXMLLoader.java:941)
	... 32 common frames omitted
Caused by: java.lang.Error: Unresolved compilation problems: 
	controller cannot be resolved
	controller cannot be resolved

	at Controllers.adminDashboardController.<init>(adminDashboardController.java:299)
	... 36 common frames omitted
2025-10-09 00:14:26.389 [JavaFX Application Thread] INFO  Utils.ThreadPoolManager - Thread pool manager initialized
2025-10-09 00:14:26.417 [Thread-5077] INFO  com.zaxxer.hikari.HikariDataSource - HikariPool-1 - Starting...
2025-10-09 00:14:28.537 [Thread-5077] INFO  com.zaxxer.hikari.pool.HikariPool - HikariPool-1 - Added connection com.mysql.cj.jdbc.ConnectionImpl@576dfb3e
2025-10-09 00:14:28.543 [Thread-5077] INFO  com.zaxxer.hikari.HikariDataSource - HikariPool-1 - Start completed.
2025-10-09 00:14:28.543 [Thread-5077] INFO  Database.DatabaseConnectionManager - Database connection pool initialized successfully
2025-10-09 00:14:28.734 [Thread-5077] INFO  Controllers.loginController - User admin logged in successfully with role: admin
2025-10-09 00:14:28.754 [JavaFX Application Thread] ERROR Controllers.loginController - Failed to load dashboard for role: admin
javafx.fxml.LoadException: 
/D:/7.Java_Workspace/Porsche/target/classes/View/adminDashboard.fxml:22

	at javafx.fxml.FXMLLoader.constructLoadException(FXMLLoader.java:2722)
	at javafx.fxml.FXMLLoader$ValueElement.processAttribute(FXMLLoader.java:946)
	at javafx.fxml.FXMLLoader$InstanceDeclarationElement.processAttribute(FXMLLoader.java:983)
	at javafx.fxml.FXMLLoader$Element.processStartElement(FXMLLoader.java:230)
	at javafx.fxml.FXMLLoader$ValueElement.processStartElement(FXMLLoader.java:757)
	at javafx.fxml.FXMLLoader.processStartElement(FXMLLoader.java:2853)
	at javafx.fxml.FXMLLoader.loadImpl(FXMLLoader.java:2649)
	at javafx.fxml.FXMLLoader.loadImpl(FXMLLoader.java:2563)
	at javafx.fxml.FXMLLoader.loadImpl(FXMLLoader.java:3376)
	at javafx.fxml.FXMLLoader.loadImpl(FXMLLoader.java:3332)
	at javafx.fxml.FXMLLoader.loadImpl(FXMLLoader.java:3300)
	at javafx.fxml.FXMLLoader.loadImpl(FXMLLoader.java:3272)
	at javafx.fxml.FXMLLoader.loadImpl(FXMLLoader.java:3248)
	at javafx.fxml.FXMLLoader.load(FXMLLoader.java:3241)
	at Controllers.loginController.lambda$0(loginController.java:195)
	at com.sun.javafx.event.CompositeEventHandler.dispatchBubblingEvent(CompositeEventHandler.java:86)
	at com.sun.javafx.event.EventHandlerManager.dispatchBubblingEvent(EventHandlerManager.java:232)
	at com.sun.javafx.event.EventHandlerManager.dispatchBubblingEvent(EventHandlerManager.java:189)
	at com.sun.javafx.event.BasicEventDispatcher.dispatchEvent(BasicEventDispatcher.java:58)
	at com.sun.javafx.event.EventDispatchChainImpl.dispatchEvent(EventDispatchChainImpl.java:114)
	at com.sun.javafx.event.EventUtil.fireEventImpl(EventUtil.java:74)
	at com.sun.javafx.event.EventUtil.fireEvent(EventUtil.java:54)
	at javafx.event.Event.fireEvent(Event.java:198)
	at javafx.concurrent.EventHelper.fireEvent(EventHelper.java:219)
	at javafx.concurrent.Task.fireEvent(Task.java:1332)
	at javafx.concurrent.Task.setState(Task.java:725)
	at javafx.concurrent.Task$TaskCallable.lambda$call$1(Task.java:1410)
	at com.sun.javafx.application.PlatformImpl.lambda$runLater$10(PlatformImpl.java:456)
	at java.base/java.security.AccessController.doPrivileged(Unknown Source)
	at com.sun.javafx.application.PlatformImpl.lambda$runLater$11(PlatformImpl.java:455)
	at com.sun.glass.ui.InvokeLaterDispatcher$Future.run(InvokeLaterDispatcher.java:95)
	at com.sun.glass.ui.win.WinApplication._runLoop(Native Method)
	at com.sun.glass.ui.win.WinApplication.lambda$runLoop$3(WinApplication.java:185)
	at java.base/java.lang.Thread.run(Unknown Source)
Caused by: java.lang.reflect.InvocationTargetException: null
	at java.base/jdk.internal.reflect.DirectConstructorHandleAccessor.newInstance(Unknown Source)
	at java.base/java.lang.reflect.Constructor.newInstanceWithCaller(Unknown Source)
	at java.base/java.lang.reflect.Constructor.newInstance(Unknown Source)
	at javafx.fxml.FXMLLoader$ValueElement.processAttribute(FXMLLoader.java:941)
	... 32 common frames omitted
Caused by: java.lang.Error: Unresolved compilation problems: 
	controller cannot be resolved
	controller cannot be resolved

	at Controllers.adminDashboardController.<init>(adminDashboardController.java:299)
	... 36 common frames omitted
2025-10-09 00:54:59.624 [JavaFX Application Thread] INFO  Utils.ThreadPoolManager - Thread pool manager initialized
2025-10-09 00:54:59.691 [Thread-3775] INFO  com.zaxxer.hikari.HikariDataSource - HikariPool-1 - Starting...
2025-10-09 00:55:01.710 [Thread-3775] INFO  com.zaxxer.hikari.pool.HikariPool - HikariPool-1 - Added connection com.mysql.cj.jdbc.ConnectionImpl@4ac4224f
2025-10-09 00:55:01.718 [Thread-3775] INFO  com.zaxxer.hikari.HikariDataSource - HikariPool-1 - Start completed.
2025-10-09 00:55:01.720 [Thread-3775] INFO  Database.DatabaseConnectionManager - Database connection pool initialized successfully
2025-10-09 00:55:01.985 [Thread-3775] INFO  Controllers.loginController - User admin logged in successfully with role: admin
2025-10-09 00:57:12.320 [JavaFX Application Thread] INFO  Utils.ThreadPoolManager - Thread pool manager initialized
2025-10-09 00:57:12.362 [Thread-824] INFO  com.zaxxer.hikari.HikariDataSource - HikariPool-1 - Starting...
2025-10-09 00:57:15.935 [Thread-824] INFO  com.zaxxer.hikari.pool.HikariPool - HikariPool-1 - Added connection com.mysql.cj.jdbc.ConnectionImpl@1a089d6f
2025-10-09 00:57:15.938 [Thread-824] INFO  com.zaxxer.hikari.HikariDataSource - HikariPool-1 - Start completed.
2025-10-09 00:57:15.938 [Thread-824] INFO  Database.DatabaseConnectionManager - Database connection pool initialized successfully
2025-10-09 00:57:16.197 [Thread-824] INFO  Controllers.loginController - User admin logged in successfully with role: admin
2025-10-09 00:58:20.016 [Thread-14713] INFO  Controllers.loginController - User zaw lin logged in successfully with role: manager
2025-10-09 00:58:37.634 [JavaFX Application Thread] INFO  Utils.LogoutHelper - User 10 logged out successfully
2025-10-09 00:58:42.832 [Thread-14713] INFO  Controllers.loginController - User admin logged in successfully with role: admin
2025-10-09 00:58:44.957 [Thread-22397] DEBUG DAO.AdminAccountDAO - AdminAccountDAO initialized with connection from pool
2025-10-11 18:42:16.755 [JavaFX Application Thread] INFO  Utils.ThreadPoolManager - Thread pool manager initialized
2025-10-11 18:42:16.978 [Thread-8288] INFO  com.zaxxer.hikari.HikariDataSource - HikariPool-1 - Starting...
2025-10-11 18:42:23.356 [Thread-8288] INFO  com.zaxxer.hikari.pool.HikariPool - HikariPool-1 - Added connection com.mysql.cj.jdbc.ConnectionImpl@6c5d659f
2025-10-11 18:42:23.367 [Thread-8288] INFO  com.zaxxer.hikari.HikariDataSource - HikariPool-1 - Start completed.
2025-10-11 18:42:23.367 [Thread-8288] INFO  Database.DatabaseConnectionManager - Database connection pool initialized successfully
2025-10-11 18:42:23.883 [Thread-8288] INFO  Controllers.loginController - User staff logged in successfully with role: staff
2025-10-11 18:42:16.755 [JavaFX Application Thread] INFO  Utils.ThreadPoolManager - Thread pool manager initialized
2025-10-11 18:42:16.978 [Thread-8288] INFO  com.zaxxer.hikari.HikariDataSource - HikariPool-1 - Starting...
2025-10-11 18:42:23.356 [Thread-8288] INFO  com.zaxxer.hikari.pool.HikariPool - HikariPool-1 - Added connection com.mysql.cj.jdbc.ConnectionImpl@6c5d659f
2025-10-11 18:42:23.367 [Thread-8288] INFO  com.zaxxer.hikari.HikariDataSource - HikariPool-1 - Start completed.
2025-10-11 18:42:23.367 [Thread-8288] INFO  Database.DatabaseConnectionManager - Database connection pool initialized successfully
2025-10-11 18:42:23.883 [Thread-8288] INFO  Controllers.loginController - User staff logged in successfully with role: staff
2025-10-11 19:19:15.973 [JavaFX Application Thread] INFO  Utils.ThreadPoolManager - Thread pool manager initialized
2025-10-11 19:19:16.016 [Thread-1102] INFO  com.zaxxer.hikari.HikariDataSource - HikariPool-1 - Starting...
2025-10-11 19:19:21.500 [Thread-1102] INFO  com.zaxxer.hikari.pool.HikariPool - HikariPool-1 - Added connection com.mysql.cj.jdbc.ConnectionImpl@5c16b5d9
2025-10-11 19:19:21.506 [Thread-1102] INFO  com.zaxxer.hikari.HikariDataSource - HikariPool-1 - Start completed.
2025-10-11 19:19:21.507 [Thread-1102] INFO  Database.DatabaseConnectionManager - Database connection pool initialized successfully
2025-10-11 19:19:22.091 [Thread-1102] INFO  Controllers.loginController - User staff logged in successfully with role: staff
2025-10-11 19:19:22.264 [JavaFX Application Thread] ERROR Controllers.loginController - Failed to load dashboard for role: staff
javafx.fxml.LoadException: 
/E:/Porsche/target/classes/View/staffWelcome.fxml

	at javafx.fxml.FXMLLoader.constructLoadException(FXMLLoader.java:2722)
	at javafx.fxml.FXMLLoader.loadImpl(FXMLLoader.java:2692)
	at javafx.fxml.FXMLLoader.loadImpl(FXMLLoader.java:2563)
	at javafx.fxml.FXMLLoader.loadImpl(FXMLLoader.java:3376)
	at javafx.fxml.FXMLLoader.loadImpl(FXMLLoader.java:3332)
	at javafx.fxml.FXMLLoader.loadImpl(FXMLLoader.java:3300)
	at javafx.fxml.FXMLLoader.loadImpl(FXMLLoader.java:3272)
	at javafx.fxml.FXMLLoader.loadImpl(FXMLLoader.java:3248)
	at javafx.fxml.FXMLLoader.load(FXMLLoader.java:3241)
	at Controllers.loginController.lambda$clickLogin$0(loginController.java:197)
	at com.sun.javafx.event.CompositeEventHandler.dispatchBubblingEvent(CompositeEventHandler.java:86)
	at com.sun.javafx.event.EventHandlerManager.dispatchBubblingEvent(EventHandlerManager.java:232)
	at com.sun.javafx.event.EventHandlerManager.dispatchBubblingEvent(EventHandlerManager.java:189)
	at com.sun.javafx.event.BasicEventDispatcher.dispatchEvent(BasicEventDispatcher.java:58)
	at com.sun.javafx.event.EventDispatchChainImpl.dispatchEvent(EventDispatchChainImpl.java:114)
	at com.sun.javafx.event.EventUtil.fireEventImpl(EventUtil.java:74)
	at com.sun.javafx.event.EventUtil.fireEvent(EventUtil.java:54)
	at javafx.event.Event.fireEvent(Event.java:198)
	at javafx.concurrent.EventHelper.fireEvent(EventHelper.java:219)
	at javafx.concurrent.Task.fireEvent(Task.java:1332)
	at javafx.concurrent.Task.setState(Task.java:725)
	at javafx.concurrent.Task$TaskCallable.lambda$call$1(Task.java:1410)
	at com.sun.javafx.application.PlatformImpl.lambda$runLater$10(PlatformImpl.java:456)
	at java.base/java.security.AccessController.doPrivileged(AccessController.java:138)
	at com.sun.javafx.application.PlatformImpl.lambda$runLater$11(PlatformImpl.java:455)
	at com.sun.glass.ui.InvokeLaterDispatcher$Future.run$$$capture(InvokeLaterDispatcher.java:95)
	at com.sun.glass.ui.InvokeLaterDispatcher$Future.run(InvokeLaterDispatcher.java)
	at com.sun.glass.ui.win.WinApplication._runLoop(Native Method)
	at com.sun.glass.ui.win.WinApplication.lambda$runLoop$3(WinApplication.java:185)
	at java.base/java.lang.Thread.run(Thread.java:1447)
Caused by: java.lang.reflect.InvocationTargetException: null
	at java.base/jdk.internal.reflect.DirectMethodHandleAccessor.invoke(DirectMethodHandleAccessor.java:116)
	at java.base/java.lang.reflect.Method.invoke(Method.java:565)
	at com.sun.javafx.reflect.Trampoline.invoke(MethodUtil.java:72)
	at java.base/jdk.internal.reflect.DirectMethodHandleAccessor.invoke(DirectMethodHandleAccessor.java:104)
	at java.base/java.lang.reflect.Method.invoke(Method.java:565)
	at com.sun.javafx.reflect.MethodUtil.invoke(MethodUtil.java:270)
	at com.sun.javafx.fxml.MethodHelper.invoke(MethodHelper.java:84)
	at javafx.fxml.FXMLLoader.loadImpl(FXMLLoader.java:2688)
	... 28 common frames omitted
Caused by: java.lang.NullPointerException: null
	at java.base/java.util.Objects.requireNonNull(Objects.java:220)
	at Controllers.staffWelcomeController.initialize(staffWelcomeController.java:35)
	at java.base/jdk.internal.reflect.DirectMethodHandleAccessor.invoke(DirectMethodHandleAccessor.java:104)
	... 35 common frames omitted
2025-10-12 00:39:16.040 [JavaFX Application Thread] INFO  Utils.ThreadPoolManager - Thread pool manager initialized
2025-10-12 00:39:16.080 [Thread-1045] INFO  com.zaxxer.hikari.HikariDataSource - HikariPool-1 - Starting...
2025-10-12 00:39:18.348 [Thread-1045] INFO  com.zaxxer.hikari.pool.HikariPool - HikariPool-1 - Added connection com.mysql.cj.jdbc.ConnectionImpl@7d97e7c3
2025-10-12 00:39:18.354 [Thread-1045] INFO  com.zaxxer.hikari.HikariDataSource - HikariPool-1 - Start completed.
2025-10-12 00:39:18.355 [Thread-1045] INFO  Database.DatabaseConnectionManager - Database connection pool initialized successfully
2025-10-12 00:39:18.564 [Thread-1045] INFO  Controllers.loginController - User manager logged in successfully with role: manager
2025-10-12 01:37:06.175 [JavaFX Application Thread] INFO  Utils.ThreadPoolManager - Thread pool manager initialized
2025-10-12 01:37:06.224 [Thread-1134] INFO  com.zaxxer.hikari.HikariDataSource - HikariPool-1 - Starting...
2025-10-12 01:37:09.263 [Thread-1134] INFO  com.zaxxer.hikari.pool.HikariPool - HikariPool-1 - Added connection com.mysql.cj.jdbc.ConnectionImpl@1ec05a0c
2025-10-12 01:37:09.272 [Thread-1134] INFO  com.zaxxer.hikari.HikariDataSource - HikariPool-1 - Start completed.
2025-10-12 01:37:09.274 [Thread-1134] INFO  Database.DatabaseConnectionManager - Database connection pool initialized successfully
2025-10-12 01:37:09.594 [Thread-1134] INFO  Controllers.loginController - User manager logged in successfully with role: manager
2025-10-12 01:38:17.607 [JavaFX Application Thread] INFO  Utils.ThreadPoolManager - Thread pool manager initialized
2025-10-12 01:38:17.652 [Thread-1627] INFO  com.zaxxer.hikari.HikariDataSource - HikariPool-1 - Starting...
2025-10-12 01:38:20.528 [Thread-1627] INFO  com.zaxxer.hikari.pool.HikariPool - HikariPool-1 - Added connection com.mysql.cj.jdbc.ConnectionImpl@5a111e5a
2025-10-12 01:38:20.537 [Thread-1627] INFO  com.zaxxer.hikari.HikariDataSource - HikariPool-1 - Start completed.
2025-10-12 01:38:20.537 [Thread-1627] INFO  Database.DatabaseConnectionManager - Database connection pool initialized successfully
2025-10-12 01:38:20.768 [Thread-1627] INFO  Controllers.loginController - User manager logged in successfully with role: manager
2025-10-12 01:41:40.420 [JavaFX Application Thread] INFO  Utils.ThreadPoolManager - Thread pool manager initialized
2025-10-12 01:41:40.508 [Thread-6749] INFO  com.zaxxer.hikari.HikariDataSource - HikariPool-1 - Starting...
2025-10-12 01:41:42.809 [Thread-6749] INFO  com.zaxxer.hikari.pool.HikariPool - HikariPool-1 - Added connection com.mysql.cj.jdbc.ConnectionImpl@3af5647e
2025-10-12 01:41:42.818 [Thread-6749] INFO  com.zaxxer.hikari.HikariDataSource - HikariPool-1 - Start completed.
2025-10-12 01:41:42.819 [Thread-6749] INFO  Database.DatabaseConnectionManager - Database connection pool initialized successfully
2025-10-12 01:41:43.096 [Thread-6749] INFO  Controllers.loginController - User manager logged in successfully with role: manager
2025-10-12 01:42:04.403 [JavaFX Application Thread] INFO  Utils.LogoutHelper - User 2 logged out successfully
2025-10-12 01:42:21.922 [JavaFX Application Thread] INFO  Utils.ThreadPoolManager - Thread pool manager initialized
2025-10-12 01:42:21.987 [Thread-1291] INFO  com.zaxxer.hikari.HikariDataSource - HikariPool-1 - Starting...
2025-10-12 01:42:24.403 [Thread-1291] INFO  com.zaxxer.hikari.pool.HikariPool - HikariPool-1 - Added connection com.mysql.cj.jdbc.ConnectionImpl@126259f4
2025-10-12 01:42:24.411 [Thread-1291] INFO  com.zaxxer.hikari.HikariDataSource - HikariPool-1 - Start completed.
2025-10-12 01:42:24.412 [Thread-1291] INFO  Database.DatabaseConnectionManager - Database connection pool initialized successfully
2025-10-12 01:42:24.645 [Thread-1291] INFO  Controllers.loginController - User manager logged in successfully with role: manager
2025-10-12 01:42:47.401 [JavaFX Application Thread] INFO  Utils.LogoutHelper - User 2 logged out successfully
2025-10-12 02:16:00.793 [JavaFX Application Thread] INFO  Utils.ThreadPoolManager - Thread pool manager initialized
2025-10-12 02:16:00.839 [Thread-5077] INFO  com.zaxxer.hikari.HikariDataSource - HikariPool-1 - Starting...
2025-10-12 02:16:02.613 [Thread-5077] INFO  com.zaxxer.hikari.pool.HikariPool - HikariPool-1 - Added connection com.mysql.cj.jdbc.ConnectionImpl@1c944818
2025-10-12 02:16:02.619 [Thread-5077] INFO  com.zaxxer.hikari.HikariDataSource - HikariPool-1 - Start completed.
2025-10-12 02:16:02.621 [Thread-5077] INFO  Database.DatabaseConnectionManager - Database connection pool initialized successfully
2025-10-12 02:16:02.833 [Thread-5077] INFO  Controllers.loginController - User manager logged in successfully with role: manager
2025-10-12 02:16:17.361 [JavaFX Application Thread] INFO  C.managerOrderManagementController - Loaded 0 orders successfully
2025-10-12 02:25:02.961 [JavaFX Application Thread] INFO  Utils.ThreadPoolManager - Thread pool manager initialized
2025-10-12 02:25:03.038 [Thread-1135] INFO  com.zaxxer.hikari.HikariDataSource - HikariPool-1 - Starting...
2025-10-12 02:25:05.648 [Thread-1135] INFO  com.zaxxer.hikari.pool.HikariPool - HikariPool-1 - Added connection com.mysql.cj.jdbc.ConnectionImpl@2e98f45a
2025-10-12 02:25:05.656 [Thread-1135] INFO  com.zaxxer.hikari.HikariDataSource - HikariPool-1 - Start completed.
2025-10-12 02:25:05.658 [Thread-1135] INFO  Database.DatabaseConnectionManager - Database connection pool initialized successfully
2025-10-12 02:25:05.941 [Thread-1135] INFO  Controllers.loginController - User manager logged in successfully with role: manager
2025-10-12 02:25:22.751 [JavaFX Application Thread] INFO  C.managerOrderManagementController - Loaded 0 orders successfully
2025-10-12 02:26:25.174 [JavaFX Application Thread] INFO  Utils.LogoutHelper - User 2 logged out successfully
2025-10-12 02:27:14.767 [JavaFX Application Thread] INFO  Utils.ThreadPoolManager - Thread pool manager initialized
2025-10-12 02:27:14.818 [Thread-1132] INFO  com.zaxxer.hikari.HikariDataSource - HikariPool-1 - Starting...
2025-10-12 02:27:17.332 [Thread-1132] INFO  com.zaxxer.hikari.pool.HikariPool - HikariPool-1 - Added connection com.mysql.cj.jdbc.ConnectionImpl@1a8f59f0
2025-10-12 02:27:17.347 [Thread-1132] INFO  com.zaxxer.hikari.HikariDataSource - HikariPool-1 - Start completed.
2025-10-12 02:27:17.350 [Thread-1132] INFO  Database.DatabaseConnectionManager - Database connection pool initialized successfully
2025-10-12 02:27:17.732 [Thread-1132] INFO  Controllers.loginController - User manager logged in successfully with role: manager
2025-10-12 02:31:45.957 [JavaFX Application Thread] INFO  Utils.ThreadPoolManager - Thread pool manager initialized
2025-10-12 02:31:46.034 [Thread-1130] INFO  com.zaxxer.hikari.HikariDataSource - HikariPool-1 - Starting...
2025-10-12 02:31:48.715 [Thread-1130] INFO  com.zaxxer.hikari.pool.HikariPool - HikariPool-1 - Added connection com.mysql.cj.jdbc.ConnectionImpl@2f53fb25
2025-10-12 02:31:48.737 [Thread-1130] INFO  com.zaxxer.hikari.HikariDataSource - HikariPool-1 - Start completed.
2025-10-12 02:31:48.740 [Thread-1130] INFO  Database.DatabaseConnectionManager - Database connection pool initialized successfully
2025-10-12 02:31:49.012 [Thread-1130] INFO  Controllers.loginController - User manager logged in successfully with role: manager
2025-10-12 02:31:59.587 [JavaFX Application Thread] INFO  C.managerOrderManagementController - Loaded 0 orders successfully
2025-10-12 02:32:03.350 [JavaFX Application Thread] INFO  C.managerOrderManagementController - Loaded 0 orders successfully
2025-10-12 02:32:06.526 [JavaFX Application Thread] ERROR C.managerOrderManagementController - Error loading orders from database
java.sql.SQLException: Column 'carsandparts_price' not found.
	at com.mysql.cj.jdbc.exceptions.SQLError.createSQLException(SQLError.java:121)
	at com.mysql.cj.jdbc.exceptions.SQLError.createSQLException(SQLError.java:89)
	at com.mysql.cj.jdbc.exceptions.SQLError.createSQLException(SQLError.java:81)
	at com.mysql.cj.jdbc.exceptions.SQLError.createSQLException(SQLError.java:55)
	at com.mysql.cj.jdbc.result.ResultSetImpl.findColumn(ResultSetImpl.java:572)
	at com.mysql.cj.jdbc.result.ResultSetImpl.getString(ResultSetImpl.java:884)
	at com.zaxxer.hikari.pool.HikariProxyResultSet.getString(HikariProxyResultSet.java)
	at Controllers.managerOrderManagementController.loadOrder(managerOrderManagementController.java:301)
	at Controllers.managerOrderManagementController.updateYearMonthLabel(managerOrderManagementController.java:544)
	at Controllers.managerOrderManagementController.lambda$2(managerOrderManagementController.java:262)
	at com.sun.javafx.binding.ExpressionHelper$Generic.fireValueChangedEvent(ExpressionHelper.java:386)
	at com.sun.javafx.binding.ExpressionHelper.fireValueChangedEvent(ExpressionHelper.java:91)
	at javafx.beans.property.ReadOnlyObjectPropertyBase.fireValueChangedEvent(ReadOnlyObjectPropertyBase.java:80)
	at javafx.beans.property.ReadOnlyObjectWrapper.fireValueChangedEvent(ReadOnlyObjectWrapper.java:102)
	at javafx.beans.property.ObjectPropertyBase.markInvalid(ObjectPropertyBase.java:113)
	at javafx.beans.property.ObjectPropertyBase.set(ObjectPropertyBase.java:147)
	at javafx.scene.control.SelectionModel.setSelectedItem(SelectionModel.java:105)
	at javafx.scene.control.SingleSelectionModel.updateSelectedIndex(SingleSelectionModel.java:223)
	at javafx.scene.control.SingleSelectionModel.select(SingleSelectionModel.java:149)
	at javafx.scene.control.ChoiceBox$ChoiceBoxSelectionModel.select(ChoiceBox.java:589)
	at javafx.scene.control.skin.ChoiceBoxSkin.lambda$addPopupItem$7(ChoiceBoxSkin.java:388)
	at com.sun.javafx.event.CompositeEventHandler.dispatchBubblingEvent(CompositeEventHandler.java:86)
	at com.sun.javafx.event.EventHandlerManager.dispatchBubblingEvent(EventHandlerManager.java:232)
	at com.sun.javafx.event.EventHandlerManager.dispatchBubblingEvent(EventHandlerManager.java:189)
	at com.sun.javafx.event.BasicEventDispatcher.dispatchEvent(BasicEventDispatcher.java:58)
	at com.sun.javafx.event.EventDispatchChainImpl.dispatchEvent(EventDispatchChainImpl.java:114)
	at com.sun.javafx.event.EventUtil.fireEventImpl(EventUtil.java:74)
	at com.sun.javafx.event.EventUtil.fireEvent(EventUtil.java:49)
	at javafx.event.Event.fireEvent(Event.java:198)
	at javafx.scene.control.MenuItem.fire(MenuItem.java:459)
	at com.sun.javafx.scene.control.ContextMenuContent$MenuItemContainer.doSelect(ContextMenuContent.java:1415)
	at com.sun.javafx.scene.control.ContextMenuContent$MenuItemContainer.lambda$createChildren$12(ContextMenuContent.java:1368)
	at com.sun.javafx.event.CompositeEventHandler$NormalEventHandlerRecord.handleBubblingEvent(CompositeEventHandler.java:247)
	at com.sun.javafx.event.CompositeEventHandler.dispatchBubblingEvent(CompositeEventHandler.java:80)
	at com.sun.javafx.event.EventHandlerManager.dispatchBubblingEvent(EventHandlerManager.java:232)
	at com.sun.javafx.event.EventHandlerManager.dispatchBubblingEvent(EventHandlerManager.java:189)
	at com.sun.javafx.event.CompositeEventDispatcher.dispatchBubblingEvent(CompositeEventDispatcher.java:59)
	at com.sun.javafx.event.BasicEventDispatcher.dispatchEvent(BasicEventDispatcher.java:58)
	at com.sun.javafx.event.EventDispatchChainImpl.dispatchEvent(EventDispatchChainImpl.java:114)
	at com.sun.javafx.event.BasicEventDispatcher.dispatchEvent(BasicEventDispatcher.java:56)
	at com.sun.javafx.event.EventDispatchChainImpl.dispatchEvent(EventDispatchChainImpl.java:114)
	at com.sun.javafx.event.BasicEventDispatcher.dispatchEvent(BasicEventDispatcher.java:56)
	at com.sun.javafx.event.EventDispatchChainImpl.dispatchEvent(EventDispatchChainImpl.java:114)
	at com.sun.javafx.event.BasicEventDispatcher.dispatchEvent(BasicEventDispatcher.java:56)
	at com.sun.javafx.event.EventDispatchChainImpl.dispatchEvent(EventDispatchChainImpl.java:114)
	at com.sun.javafx.event.EventUtil.fireEventImpl(EventUtil.java:74)
	at com.sun.javafx.event.EventUtil.fireEvent(EventUtil.java:54)
	at javafx.event.Event.fireEvent(Event.java:198)
	at javafx.scene.Scene$MouseHandler.process(Scene.java:3984)
	at javafx.scene.Scene.processMouseEvent(Scene.java:1890)
	at javafx.scene.Scene$ScenePeerListener.mouseEvent(Scene.java:2708)
	at com.sun.javafx.tk.quantum.GlassViewEventHandler$MouseEventNotification.run(GlassViewEventHandler.java:411)
	at com.sun.javafx.tk.quantum.GlassViewEventHandler$MouseEventNotification.run(GlassViewEventHandler.java:301)
	at java.base/java.security.AccessController.doPrivileged(Unknown Source)
	at com.sun.javafx.tk.quantum.GlassViewEventHandler.lambda$handleMouseEvent$2(GlassViewEventHandler.java:450)
	at com.sun.javafx.tk.quantum.QuantumToolkit.runWithoutRenderLock(QuantumToolkit.java:424)
	at com.sun.javafx.tk.quantum.GlassViewEventHandler.handleMouseEvent(GlassViewEventHandler.java:449)
	at com.sun.glass.ui.View.handleMouseEvent(View.java:551)
	at com.sun.glass.ui.View.notifyMouse(View.java:937)
	at com.sun.glass.ui.win.WinApplication._runLoop(Native Method)
	at com.sun.glass.ui.win.WinApplication.lambda$runLoop$3(WinApplication.java:185)
	at java.base/java.lang.Thread.run(Unknown Source)
2025-10-12 02:32:12.671 [JavaFX Application Thread] INFO  Utils.LogoutHelper - User 2 logged out successfully
2025-10-12 02:32:38.757 [JavaFX Application Thread] INFO  Utils.ThreadPoolManager - Thread pool manager initialized
2025-10-12 02:32:38.798 [Thread-1131] INFO  com.zaxxer.hikari.HikariDataSource - HikariPool-1 - Starting...
2025-10-12 02:32:41.348 [Thread-1131] INFO  com.zaxxer.hikari.pool.HikariPool - HikariPool-1 - Added connection com.mysql.cj.jdbc.ConnectionImpl@7900b816
2025-10-12 02:32:41.358 [Thread-1131] INFO  com.zaxxer.hikari.HikariDataSource - HikariPool-1 - Start completed.
2025-10-12 02:32:41.359 [Thread-1131] INFO  Database.DatabaseConnectionManager - Database connection pool initialized successfully
2025-10-12 02:32:41.555 [Thread-1131] INFO  Controllers.loginController - User manager logged in successfully with role: manager
2025-10-12 02:32:51.977 [JavaFX Application Thread] INFO  C.managerOrderManagementController - Loaded 0 orders successfully
2025-10-12 02:33:05.169 [JavaFX Application Thread] INFO  C.managerOrderManagementController - Loaded 0 orders successfully
2025-10-12 02:33:12.834 [JavaFX Application Thread] ERROR C.managerOrderManagementController - Error loading orders from database
java.sql.SQLException: Column 'carsandparts_price' not found.
	at com.mysql.cj.jdbc.exceptions.SQLError.createSQLException(SQLError.java:121)
	at com.mysql.cj.jdbc.exceptions.SQLError.createSQLException(SQLError.java:89)
	at com.mysql.cj.jdbc.exceptions.SQLError.createSQLException(SQLError.java:81)
	at com.mysql.cj.jdbc.exceptions.SQLError.createSQLException(SQLError.java:55)
	at com.mysql.cj.jdbc.result.ResultSetImpl.findColumn(ResultSetImpl.java:572)
	at com.mysql.cj.jdbc.result.ResultSetImpl.getString(ResultSetImpl.java:884)
	at com.zaxxer.hikari.pool.HikariProxyResultSet.getString(HikariProxyResultSet.java)
	at Controllers.managerOrderManagementController.loadOrder(managerOrderManagementController.java:301)
	at Controllers.managerOrderManagementController.updateYearMonthLabel(managerOrderManagementController.java:544)
	at Controllers.managerOrderManagementController.lambda$initialize$2(managerOrderManagementController.java:262)
	at com.sun.javafx.binding.ExpressionHelper$Generic.fireValueChangedEvent(ExpressionHelper.java:386)
	at com.sun.javafx.binding.ExpressionHelper.fireValueChangedEvent(ExpressionHelper.java:91)
	at javafx.beans.property.ReadOnlyObjectPropertyBase.fireValueChangedEvent(ReadOnlyObjectPropertyBase.java:80)
	at javafx.beans.property.ReadOnlyObjectWrapper.fireValueChangedEvent(ReadOnlyObjectWrapper.java:102)
	at javafx.beans.property.ObjectPropertyBase.markInvalid(ObjectPropertyBase.java:113)
	at javafx.beans.property.ObjectPropertyBase.set(ObjectPropertyBase.java:147)
	at javafx.scene.control.SelectionModel.setSelectedItem(SelectionModel.java:105)
	at javafx.scene.control.SingleSelectionModel.updateSelectedIndex(SingleSelectionModel.java:223)
	at javafx.scene.control.SingleSelectionModel.select(SingleSelectionModel.java:149)
	at javafx.scene.control.ChoiceBox$ChoiceBoxSelectionModel.select(ChoiceBox.java:589)
	at javafx.scene.control.skin.ChoiceBoxSkin.lambda$addPopupItem$7(ChoiceBoxSkin.java:388)
	at com.sun.javafx.event.CompositeEventHandler.dispatchBubblingEvent(CompositeEventHandler.java:86)
	at com.sun.javafx.event.EventHandlerManager.dispatchBubblingEvent(EventHandlerManager.java:232)
	at com.sun.javafx.event.EventHandlerManager.dispatchBubblingEvent(EventHandlerManager.java:189)
	at com.sun.javafx.event.BasicEventDispatcher.dispatchEvent(BasicEventDispatcher.java:58)
	at com.sun.javafx.event.EventDispatchChainImpl.dispatchEvent(EventDispatchChainImpl.java:114)
	at com.sun.javafx.event.EventUtil.fireEventImpl(EventUtil.java:74)
	at com.sun.javafx.event.EventUtil.fireEvent(EventUtil.java:49)
	at javafx.event.Event.fireEvent(Event.java:198)
	at javafx.scene.control.MenuItem.fire(MenuItem.java:459)
	at com.sun.javafx.scene.control.ContextMenuContent$MenuItemContainer.doSelect(ContextMenuContent.java:1415)
	at com.sun.javafx.scene.control.ContextMenuContent$MenuItemContainer.lambda$createChildren$12(ContextMenuContent.java:1368)
	at com.sun.javafx.event.CompositeEventHandler$NormalEventHandlerRecord.handleBubblingEvent(CompositeEventHandler.java:247)
	at com.sun.javafx.event.CompositeEventHandler.dispatchBubblingEvent(CompositeEventHandler.java:80)
	at com.sun.javafx.event.EventHandlerManager.dispatchBubblingEvent(EventHandlerManager.java:232)
	at com.sun.javafx.event.EventHandlerManager.dispatchBubblingEvent(EventHandlerManager.java:189)
	at com.sun.javafx.event.CompositeEventDispatcher.dispatchBubblingEvent(CompositeEventDispatcher.java:59)
	at com.sun.javafx.event.BasicEventDispatcher.dispatchEvent(BasicEventDispatcher.java:58)
	at com.sun.javafx.event.EventDispatchChainImpl.dispatchEvent(EventDispatchChainImpl.java:114)
	at com.sun.javafx.event.BasicEventDispatcher.dispatchEvent(BasicEventDispatcher.java:56)
	at com.sun.javafx.event.EventDispatchChainImpl.dispatchEvent(EventDispatchChainImpl.java:114)
	at com.sun.javafx.event.BasicEventDispatcher.dispatchEvent(BasicEventDispatcher.java:56)
	at com.sun.javafx.event.EventDispatchChainImpl.dispatchEvent(EventDispatchChainImpl.java:114)
	at com.sun.javafx.event.BasicEventDispatcher.dispatchEvent(BasicEventDispatcher.java:56)
	at com.sun.javafx.event.EventDispatchChainImpl.dispatchEvent(EventDispatchChainImpl.java:114)
	at com.sun.javafx.event.EventUtil.fireEventImpl(EventUtil.java:74)
	at com.sun.javafx.event.EventUtil.fireEvent(EventUtil.java:54)
	at javafx.event.Event.fireEvent(Event.java:198)
	at javafx.scene.Scene$MouseHandler.process(Scene.java:3984)
	at javafx.scene.Scene.processMouseEvent(Scene.java:1890)
	at javafx.scene.Scene$ScenePeerListener.mouseEvent(Scene.java:2708)
	at com.sun.javafx.tk.quantum.GlassViewEventHandler$MouseEventNotification.run(GlassViewEventHandler.java:411)
	at com.sun.javafx.tk.quantum.GlassViewEventHandler$MouseEventNotification.run(GlassViewEventHandler.java:301)
	at java.base/java.security.AccessController.doPrivileged(AccessController.java:138)
	at com.sun.javafx.tk.quantum.GlassViewEventHandler.lambda$handleMouseEvent$2(GlassViewEventHandler.java:450)
	at com.sun.javafx.tk.quantum.QuantumToolkit.runWithoutRenderLock(QuantumToolkit.java:424)
	at com.sun.javafx.tk.quantum.GlassViewEventHandler.handleMouseEvent(GlassViewEventHandler.java:449)
	at com.sun.glass.ui.View.handleMouseEvent(View.java:551)
	at com.sun.glass.ui.View.notifyMouse(View.java:937)
	at com.sun.glass.ui.win.WinApplication._runLoop(Native Method)
	at com.sun.glass.ui.win.WinApplication.lambda$runLoop$3(WinApplication.java:185)
	at java.base/java.lang.Thread.run(Thread.java:1447)
2025-10-12 02:36:08.781 [JavaFX Application Thread] INFO  Utils.ThreadPoolManager - Thread pool manager initialized
2025-10-12 02:36:08.818 [Thread-2459] INFO  com.zaxxer.hikari.HikariDataSource - HikariPool-1 - Starting...
2025-10-12 02:36:10.341 [Thread-2459] INFO  com.zaxxer.hikari.pool.HikariPool - HikariPool-1 - Added connection com.mysql.cj.jdbc.ConnectionImpl@37b647a
2025-10-12 02:36:10.343 [Thread-2459] INFO  com.zaxxer.hikari.HikariDataSource - HikariPool-1 - Start completed.
2025-10-12 02:36:10.344 [Thread-2459] INFO  Database.DatabaseConnectionManager - Database connection pool initialized successfully
2025-10-12 02:36:10.601 [Thread-2459] INFO  Controllers.loginController - User manager logged in successfully with role: manager
2025-10-12 02:36:18.898 [JavaFX Application Thread] INFO  C.managerOrderManagementController - Loaded 0 orders successfully
2025-10-12 02:36:21.016 [JavaFX Application Thread] INFO  C.managerOrderManagementController - Loaded 1 orders successfully
2025-10-12 02:37:54.428 [JavaFX Application Thread] INFO  Utils.LogoutHelper - User 2 logged out successfully
2025-10-12 02:42:46.570 [JavaFX Application Thread] INFO  Utils.ThreadPoolManager - Thread pool manager initialized
2025-10-12 02:42:46.596 [Thread-1315] INFO  com.zaxxer.hikari.HikariDataSource - HikariPool-1 - Starting...
2025-10-12 02:42:47.848 [Thread-1315] INFO  com.zaxxer.hikari.pool.HikariPool - HikariPool-1 - Added connection com.mysql.cj.jdbc.ConnectionImpl@297fb332
2025-10-12 02:42:47.854 [Thread-1315] INFO  com.zaxxer.hikari.HikariDataSource - HikariPool-1 - Start completed.
2025-10-12 02:42:47.854 [Thread-1315] INFO  Database.DatabaseConnectionManager - Database connection pool initialized successfully
2025-10-12 02:42:48.009 [Thread-1315] INFO  Controllers.loginController - User manager logged in successfully with role: manager
2025-10-12 02:42:57.662 [JavaFX Application Thread] INFO  C.managerOrderManagementController - Loaded 0 orders successfully
2025-10-12 02:42:59.742 [JavaFX Application Thread] INFO  C.managerOrderManagementController - Loaded 1 orders successfully
2025-10-12 02:43:21.581 [JavaFX Application Thread] INFO  Utils.LogoutHelper - User 2 logged out successfully
2025-10-12 02:44:20.957 [JavaFX Application Thread] INFO  Utils.ThreadPoolManager - Thread pool manager initialized
2025-10-12 02:44:20.984 [Thread-982] INFO  com.zaxxer.hikari.HikariDataSource - HikariPool-1 - Starting...
2025-10-12 02:44:22.231 [Thread-982] INFO  com.zaxxer.hikari.pool.HikariPool - HikariPool-1 - Added connection com.mysql.cj.jdbc.ConnectionImpl@5c863e3c
2025-10-12 02:44:22.333 [Thread-982] INFO  com.zaxxer.hikari.HikariDataSource - HikariPool-1 - Start completed.
2025-10-12 02:44:22.334 [Thread-982] INFO  Database.DatabaseConnectionManager - Database connection pool initialized successfully
2025-10-12 02:44:22.541 [Thread-982] INFO  Controllers.loginController - User manager logged in successfully with role: manager
2025-10-12 02:45:03.090 [JavaFX Application Thread] INFO  C.managerOrderManagementController - Loaded 0 orders successfully
2025-10-12 02:45:06.888 [JavaFX Application Thread] INFO  C.managerOrderManagementController - Loaded 1 orders successfully
2025-10-12 02:47:15.790 [JavaFX Application Thread] INFO  Utils.LogoutHelper - User 2 logged out successfully
2025-10-12 02:51:34.337 [JavaFX Application Thread] INFO  Utils.ThreadPoolManager - Thread pool manager initialized
2025-10-12 02:51:34.361 [Thread-6096] INFO  com.zaxxer.hikari.HikariDataSource - HikariPool-1 - Starting...
2025-10-12 02:51:35.770 [Thread-6096] INFO  com.zaxxer.hikari.pool.HikariPool - HikariPool-1 - Added connection com.mysql.cj.jdbc.ConnectionImpl@2344a289
2025-10-12 02:51:35.776 [Thread-6096] INFO  com.zaxxer.hikari.HikariDataSource - HikariPool-1 - Start completed.
2025-10-12 02:51:35.776 [Thread-6096] INFO  Database.DatabaseConnectionManager - Database connection pool initialized successfully
2025-10-12 02:51:35.924 [Thread-6096] INFO  Controllers.loginController - User manager logged in successfully with role: manager
2025-10-12 02:51:43.117 [JavaFX Application Thread] INFO  C.managerOrderManagementController - Loaded 0 orders successfully
2025-10-12 02:51:45.972 [JavaFX Application Thread] INFO  C.managerOrderManagementController - Loaded 0 orders successfully
2025-10-12 02:51:48.401 [JavaFX Application Thread] INFO  C.managerOrderManagementController - Loaded 0 orders successfully
2025-10-12 02:51:55.925 [JavaFX Application Thread] INFO  C.managerOrderManagementController - Loaded 1 orders successfully
2025-10-12 02:53:19.570 [JavaFX Application Thread] INFO  Utils.LogoutHelper - User 2 logged out successfully
2025-10-12 02:57:51.072 [JavaFX Application Thread] INFO  Utils.ThreadPoolManager - Thread pool manager initialized
2025-10-12 02:57:51.103 [Thread-1005] INFO  com.zaxxer.hikari.HikariDataSource - HikariPool-1 - Starting...
2025-10-12 02:57:52.531 [Thread-1005] INFO  com.zaxxer.hikari.pool.HikariPool - HikariPool-1 - Added connection com.mysql.cj.jdbc.ConnectionImpl@7ac0a72d
2025-10-12 02:57:52.535 [Thread-1005] INFO  com.zaxxer.hikari.HikariDataSource - HikariPool-1 - Start completed.
2025-10-12 02:57:52.536 [Thread-1005] INFO  Database.DatabaseConnectionManager - Database connection pool initialized successfully
2025-10-12 02:57:52.844 [Thread-1005] INFO  Controllers.loginController - User manager logged in successfully with role: manager
2025-10-12 02:57:59.206 [JavaFX Application Thread] INFO  C.managerOrderManagementController - Loaded 0 orders successfully
2025-10-12 02:58:01.244 [JavaFX Application Thread] INFO  C.managerOrderManagementController - Loaded 1 orders successfully
2025-10-12 03:04:41.823 [JavaFX Application Thread] INFO  Utils.ThreadPoolManager - Thread pool manager initialized
2025-10-12 03:04:41.855 [Thread-1822] INFO  com.zaxxer.hikari.HikariDataSource - HikariPool-1 - Starting...
2025-10-12 03:04:43.169 [Thread-1822] INFO  com.zaxxer.hikari.pool.HikariPool - HikariPool-1 - Added connection com.mysql.cj.jdbc.ConnectionImpl@bcdf92
2025-10-12 03:04:43.173 [Thread-1822] INFO  com.zaxxer.hikari.HikariDataSource - HikariPool-1 - Start completed.
2025-10-12 03:04:43.173 [Thread-1822] INFO  Database.DatabaseConnectionManager - Database connection pool initialized successfully
2025-10-12 03:04:43.323 [Thread-1822] INFO  Controllers.loginController - User manager logged in successfully with role: manager
2025-10-12 03:04:55.485 [JavaFX Application Thread] INFO  C.managerOrderManagementController - Loaded 0 orders successfully
2025-10-12 03:12:33.826 [JavaFX Application Thread] INFO  Utils.ThreadPoolManager - Thread pool manager initialized
2025-10-12 03:12:33.845 [Thread-1473] INFO  com.zaxxer.hikari.HikariDataSource - HikariPool-1 - Starting...
2025-10-12 03:12:35.052 [Thread-1473] INFO  com.zaxxer.hikari.pool.HikariPool - HikariPool-1 - Added connection com.mysql.cj.jdbc.ConnectionImpl@709c81fb
2025-10-12 03:12:35.061 [Thread-1473] INFO  com.zaxxer.hikari.HikariDataSource - HikariPool-1 - Start completed.
2025-10-12 03:12:35.061 [Thread-1473] INFO  Database.DatabaseConnectionManager - Database connection pool initialized successfully
2025-10-12 03:12:35.214 [Thread-1473] INFO  Controllers.loginController - User manager logged in successfully with role: manager
2025-10-12 03:12:47.259 [JavaFX Application Thread] INFO  C.managerOrderManagementController - Loaded 0 orders successfully
2025-10-12 03:12:49.128 [JavaFX Application Thread] INFO  C.managerOrderManagementController - Loaded 1 orders successfully
2025-10-12 03:13:03.399 [JavaFX Application Thread] INFO  Utils.LogoutHelper - User 2 logged out successfully
2025-10-12 03:16:55.527 [JavaFX Application Thread] INFO  Utils.ThreadPoolManager - Thread pool manager initialized
2025-10-12 03:16:55.564 [Thread-933] INFO  com.zaxxer.hikari.HikariDataSource - HikariPool-1 - Starting...
2025-10-12 03:16:57.778 [Thread-933] INFO  com.zaxxer.hikari.pool.HikariPool - HikariPool-1 - Added connection com.mysql.cj.jdbc.ConnectionImpl@7b40236e
2025-10-12 03:16:57.783 [Thread-933] INFO  com.zaxxer.hikari.HikariDataSource - HikariPool-1 - Start completed.
2025-10-12 03:16:57.784 [Thread-933] INFO  Database.DatabaseConnectionManager - Database connection pool initialized successfully
2025-10-12 03:16:58.103 [Thread-933] INFO  Controllers.loginController - User manager logged in successfully with role: manager
2025-10-12 03:17:07.712 [JavaFX Application Thread] INFO  C.managerOrderManagementController - Loaded 0 orders successfully
2025-10-12 03:17:09.996 [JavaFX Application Thread] INFO  C.managerOrderManagementController - Loaded 1 orders successfully
2025-10-12 03:39:19.645 [JavaFX Application Thread] INFO  Utils.ThreadPoolManager - Thread pool manager initialized
2025-10-12 03:39:19.668 [Thread-1816] INFO  com.zaxxer.hikari.HikariDataSource - HikariPool-1 - Starting...
2025-10-12 03:39:20.865 [Thread-1816] INFO  com.zaxxer.hikari.pool.HikariPool - HikariPool-1 - Added connection com.mysql.cj.jdbc.ConnectionImpl@3f29dab
2025-10-12 03:39:20.868 [Thread-1816] INFO  com.zaxxer.hikari.HikariDataSource - HikariPool-1 - Start completed.
2025-10-12 03:39:20.868 [Thread-1816] INFO  Database.DatabaseConnectionManager - Database connection pool initialized successfully
2025-10-12 03:39:21.003 [Thread-1816] INFO  Controllers.loginController - User manager logged in successfully with role: manager
2025-10-12 03:40:27.598 [JavaFX Application Thread] INFO  Utils.LogoutHelper - User 2 logged out successfully
2025-10-12 03:54:54.273 [JavaFX Application Thread] INFO  Utils.ThreadPoolManager - Thread pool manager initialized
2025-10-12 03:54:54.303 [Thread-1935] INFO  com.zaxxer.hikari.HikariDataSource - HikariPool-1 - Starting...
2025-10-12 03:54:55.317 [Thread-1935] INFO  com.zaxxer.hikari.pool.HikariPool - HikariPool-1 - Added connection com.mysql.cj.jdbc.ConnectionImpl@d21755
2025-10-12 03:54:55.323 [Thread-1935] INFO  com.zaxxer.hikari.HikariDataSource - HikariPool-1 - Start completed.
2025-10-12 03:54:55.323 [Thread-1935] INFO  Database.DatabaseConnectionManager - Database connection pool initialized successfully
2025-10-12 03:54:55.451 [Thread-1935] INFO  Controllers.loginController - User manager logged in successfully with role: manager
2025-10-12 03:58:09.694 [JavaFX Application Thread] INFO  Utils.ThreadPoolManager - Thread pool manager initialized
2025-10-12 03:58:09.724 [Thread-1887] INFO  com.zaxxer.hikari.HikariDataSource - HikariPool-1 - Starting...
2025-10-12 03:58:10.827 [Thread-1887] INFO  com.zaxxer.hikari.pool.HikariPool - HikariPool-1 - Added connection com.mysql.cj.jdbc.ConnectionImpl@2e4c02e4
2025-10-12 03:58:10.834 [Thread-1887] INFO  com.zaxxer.hikari.HikariDataSource - HikariPool-1 - Start completed.
2025-10-12 03:58:10.834 [Thread-1887] INFO  Database.DatabaseConnectionManager - Database connection pool initialized successfully
2025-10-12 03:58:11.035 [Thread-1887] WARN  Controllers.loginController - Failed login attempt for username: admin
2025-10-12 03:58:20.863 [Thread-1887] WARN  Controllers.loginController - Failed login attempt for username: admin
2025-10-12 03:58:29.818 [Thread-1887] WARN  Controllers.loginController - Failed login attempt for username: Admin
2025-10-12 03:59:45.916 [Thread-18992] INFO  Controllers.loginController - User staff logged in successfully with role: staff
2025-10-12 04:00:52.677 [JavaFX Application Thread] INFO  Utils.ThreadPoolManager - Thread pool manager initialized
2025-10-12 04:00:52.699 [Thread-1773] INFO  com.zaxxer.hikari.HikariDataSource - HikariPool-1 - Starting...
2025-10-12 04:00:53.778 [Thread-1773] INFO  com.zaxxer.hikari.pool.HikariPool - HikariPool-1 - Added connection com.mysql.cj.jdbc.ConnectionImpl@256a8c51
2025-10-12 04:00:53.784 [Thread-1773] INFO  com.zaxxer.hikari.HikariDataSource - HikariPool-1 - Start completed.
2025-10-12 04:00:53.784 [Thread-1773] INFO  Database.DatabaseConnectionManager - Database connection pool initialized successfully
2025-10-12 04:00:53.914 [Thread-1773] INFO  Controllers.loginController - User staff logged in successfully with role: staff
2025-10-12 04:01:29.407 [JavaFX Application Thread] INFO  Utils.ThreadPoolManager - Thread pool manager initialized
2025-10-12 04:01:29.434 [Thread-1697] INFO  com.zaxxer.hikari.HikariDataSource - HikariPool-1 - Starting...
2025-10-12 04:01:30.496 [Thread-1697] INFO  com.zaxxer.hikari.pool.HikariPool - HikariPool-1 - Added connection com.mysql.cj.jdbc.ConnectionImpl@573c1fbb
2025-10-12 04:01:30.500 [Thread-1697] INFO  com.zaxxer.hikari.HikariDataSource - HikariPool-1 - Start completed.
2025-10-12 04:01:30.500 [Thread-1697] INFO  Database.DatabaseConnectionManager - Database connection pool initialized successfully
2025-10-12 04:01:30.669 [Thread-1697] WARN  Controllers.loginController - Failed login attempt for username: Admin
2025-10-12 04:01:42.097 [Thread-1697] WARN  Controllers.loginController - Failed login attempt for username: Admin
2025-10-12 04:03:47.753 [Thread-26350] WARN  Controllers.loginController - Failed login attempt for username: Admin
2025-10-12 04:04:07.195 [Thread-26350] WARN  com.zaxxer.hikari.pool.PoolBase - HikariPool-1 - Failed to validate connection com.mysql.cj.jdbc.ConnectionImpl@573c1fbb (No operations allowed after connection closed.). Possibly consider using a shorter maxLifetime value.
2025-10-12 04:04:27.644 [JavaFX Application Thread] INFO  Utils.ThreadPoolManager - Thread pool manager initialized
2025-10-12 04:04:27.667 [Thread-1761] INFO  com.zaxxer.hikari.HikariDataSource - HikariPool-1 - Starting...
2025-10-12 04:04:28.761 [Thread-1761] INFO  com.zaxxer.hikari.pool.HikariPool - HikariPool-1 - Added connection com.mysql.cj.jdbc.ConnectionImpl@4d027bcf
2025-10-12 04:04:28.765 [Thread-1761] INFO  com.zaxxer.hikari.HikariDataSource - HikariPool-1 - Start completed.
2025-10-12 04:04:28.765 [Thread-1761] INFO  Database.DatabaseConnectionManager - Database connection pool initialized successfully
2025-10-12 04:04:28.911 [Thread-1761] WARN  Controllers.loginController - Failed login attempt for username: admin
2025-10-12 04:04:38.495 [Thread-1761] WARN  Controllers.loginController - Failed login attempt for username: Admin
2025-10-12 04:04:56.145 [Thread-1761] INFO  Controllers.loginController - User manager logged in successfully with role: manager
2025-10-12 04:05:19.136 [JavaFX Application Thread] INFO  Utils.LogoutHelper - User 2 logged out successfully
2025-10-12 04:05:39.015 [JavaFX Application Thread] INFO  Utils.ThreadPoolManager - Thread pool manager initialized
2025-10-12 04:05:39.046 [Thread-1514] INFO  com.zaxxer.hikari.HikariDataSource - HikariPool-1 - Starting...
2025-10-12 04:05:40.110 [Thread-1514] INFO  com.zaxxer.hikari.pool.HikariPool - HikariPool-1 - Added connection com.mysql.cj.jdbc.ConnectionImpl@3f502f73
2025-10-12 04:05:40.115 [Thread-1514] INFO  com.zaxxer.hikari.HikariDataSource - HikariPool-1 - Start completed.
2025-10-12 04:05:40.115 [Thread-1514] INFO  Database.DatabaseConnectionManager - Database connection pool initialized successfully
2025-10-12 04:05:40.269 [Thread-1514] WARN  Controllers.loginController - Failed login attempt for username: admin
2025-10-12 19:16:28.923 [JavaFX Application Thread] INFO  Utils.ThreadPoolManager - Thread pool manager initialized
2025-10-12 19:16:28.943 [Thread-3137] INFO  com.zaxxer.hikari.HikariDataSource - HikariPool-1 - Starting...
2025-10-12 19:16:30.104 [JavaFX Application Thread] ERROR Controllers.loginController - Login task failed
com.zaxxer.hikari.pool.HikariPool$PoolInitializationException: Failed to initialize pool: Communications link failure

The last packet sent successfully to the server was 0 milliseconds ago. The driver has not received any packets from the server.
	at com.zaxxer.hikari.pool.HikariPool.throwPoolInitializationException(HikariPool.java:584)
	at com.zaxxer.hikari.pool.HikariPool.checkFailFast(HikariPool.java:571)
	at com.zaxxer.hikari.pool.HikariPool.<init>(HikariPool.java:98)
	at com.zaxxer.hikari.HikariDataSource.<init>(HikariDataSource.java:80)
	at Database.DatabaseConnectionManager.<init>(DatabaseConnectionManager.java:44)
	at Database.DatabaseConnectionManager.getInstance(DatabaseConnectionManager.java:65)
	at Controllers.loginController$1.call(loginController.java:141)
	at Controllers.loginController$1.call(loginController.java:135)
	at javafx.concurrent.Task$TaskCallable.call(Task.java:1399)
	at java.base/java.util.concurrent.FutureTask.run(FutureTask.java:328)
	at java.base/java.util.concurrent.ThreadPoolExecutor.runWorker(ThreadPoolExecutor.java:1095)
	at java.base/java.util.concurrent.ThreadPoolExecutor$Worker.run(ThreadPoolExecutor.java:619)
	at java.base/java.lang.Thread.run(Thread.java:1447)
Caused by: com.mysql.cj.jdbc.exceptions.CommunicationsException: Communications link failure

The last packet sent successfully to the server was 0 milliseconds ago. The driver has not received any packets from the server.
	at com.mysql.cj.jdbc.exceptions.SQLError.createCommunicationsException(SQLError.java:165)
	at com.mysql.cj.jdbc.exceptions.SQLExceptionsMapping.translateException(SQLExceptionsMapping.java:55)
	at com.mysql.cj.jdbc.ConnectionImpl.createNewIO(ConnectionImpl.java:861)
	at com.mysql.cj.jdbc.ConnectionImpl.<init>(ConnectionImpl.java:449)
	at com.mysql.cj.jdbc.ConnectionImpl.getInstance(ConnectionImpl.java:234)
	at com.mysql.cj.jdbc.NonRegisteringDriver.connect(NonRegisteringDriver.java:180)
	at com.zaxxer.hikari.util.DriverDataSource.getConnection(DriverDataSource.java:137)
	at com.zaxxer.hikari.pool.PoolBase.newConnection(PoolBase.java:360)
	at com.zaxxer.hikari.pool.PoolBase.newPoolEntry(PoolBase.java:202)
	at com.zaxxer.hikari.pool.HikariPool.createPoolEntry(HikariPool.java:461)
	at com.zaxxer.hikari.pool.HikariPool.checkFailFast(HikariPool.java:550)
	... 11 common frames omitted
Caused by: com.mysql.cj.exceptions.CJCommunicationsException: Communications link failure

The last packet sent successfully to the server was 0 milliseconds ago. The driver has not received any packets from the server.
	at java.base/jdk.internal.reflect.DirectConstructorHandleAccessor.newInstance(DirectConstructorHandleAccessor.java:62)
	at java.base/java.lang.reflect.Constructor.newInstanceWithCaller(Constructor.java:499)
	at java.base/java.lang.reflect.Constructor.newInstance(Constructor.java:483)
	at com.mysql.cj.exceptions.ExceptionFactory.createException(ExceptionFactory.java:52)
	at com.mysql.cj.exceptions.ExceptionFactory.createException(ExceptionFactory.java:95)
	at com.mysql.cj.exceptions.ExceptionFactory.createException(ExceptionFactory.java:140)
	at com.mysql.cj.exceptions.ExceptionFactory.createCommunicationsException(ExceptionFactory.java:156)
	at com.mysql.cj.protocol.a.NativeSocketConnection.connect(NativeSocketConnection.java:79)
	at com.mysql.cj.NativeSession.connect(NativeSession.java:139)
	at com.mysql.cj.jdbc.ConnectionImpl.connectOneTryOnly(ConnectionImpl.java:980)
	at com.mysql.cj.jdbc.ConnectionImpl.createNewIO(ConnectionImpl.java:851)
	... 19 common frames omitted
Caused by: java.net.UnknownHostException: No such host is known (car-pg3-anthtooaung2792005-fda5.d.aivencloud.com)
	at java.base/java.net.Inet6AddressImpl.lookupAllHostAddr(Native Method)
	at java.base/java.net.Inet6AddressImpl.lookupAllHostAddr(Inet6AddressImpl.java:52)
	at java.base/java.net.InetAddress$PlatformResolver.lookupByName(InetAddress.java:1128)
	at java.base/java.net.InetAddress.getAddressesFromNameService(InetAddress.java:1697)
	at java.base/java.net.InetAddress$NameServiceAddresses.get(InetAddress.java:1056)
	at java.base/java.net.InetAddress.getAllByName0(InetAddress.java:1687)
	at java.base/java.net.InetAddress.getAllByName(InetAddress.java:1568)
	at com.mysql.cj.protocol.StandardSocketFactory.connect(StandardSocketFactory.java:121)
	at com.mysql.cj.protocol.a.NativeSocketConnection.connect(NativeSocketConnection.java:53)
	... 22 common frames omitted
