2025-10-09 00:09:46.549 [JavaFX Application Thread] INFO  Utils.ThreadPoolManager - Thread pool manager initialized
2025-10-09 00:09:46.594 [Thread-5077] INFO  com.zaxxer.hikari.HikariDataSource - HikariPool-1 - Starting...
2025-10-09 00:09:48.460 [Thread-5077] INFO  com.zaxxer.hikari.pool.HikariPool - HikariPool-1 - Added connection com.mysql.cj.jdbc.ConnectionImpl@6f02a9be
2025-10-09 00:09:48.464 [Thread-5077] INFO  com.zaxxer.hikari.HikariDataSource - HikariPool-1 - Start completed.
2025-10-09 00:09:48.464 [Thread-5077] INFO  Database.DatabaseConnectionManager - Database connection pool initialized successfully
2025-10-09 00:09:48.832 [Thread-5077] INFO  Controllers.loginController - User admin logged in successfully with role: admin
2025-10-09 00:14:07.236 [JavaFX Application Thread] INFO  Utils.ThreadPoolManager - Thread pool manager initialized
2025-10-09 00:14:07.271 [Thread-700] INFO  com.zaxxer.hikari.HikariDataSource - HikariPool-1 - Starting...
2025-10-09 00:14:09.261 [Thread-700] INFO  com.zaxxer.hikari.pool.HikariPool - HikariPool-1 - Added connection com.mysql.cj.jdbc.ConnectionImpl@6c4ac81d
2025-10-09 00:14:09.265 [Thread-700] INFO  com.zaxxer.hikari.HikariDataSource - HikariPool-1 - Start completed.
2025-10-09 00:14:09.265 [Thread-700] INFO  Database.DatabaseConnectionManager - Database connection pool initialized successfully
2025-10-09 00:14:09.481 [Thread-700] INFO  Controllers.loginController - User admin logged in successfully with role: admin
2025-10-09 00:14:09.545 [JavaFX Application Thread] ERROR Controllers.loginController - Failed to load dashboard for role: admin
javafx.fxml.LoadException: 
/D:/7.Java_Workspace/Porsche/target/classes/View/adminDashboard.fxml:22

	at javafx.fxml.FXMLLoader.constructLoadException(FXMLLoader.java:2722)
	at javafx.fxml.FXMLLoader$ValueElement.processAttribute(FXMLLoader.java:946)
	at javafx.fxml.FXMLLoader$InstanceDeclarationElement.processAttribute(FXMLLoader.java:983)
	at javafx.fxml.FXMLLoader$Element.processStartElement(FXMLLoader.java:230)
	at javafx.fxml.FXMLLoader$ValueElement.processStartElement(FXMLLoader.java:757)
	at javafx.fxml.FXMLLoader.processStartElement(FXMLLoader.java:2853)
	at javafx.fxml.FXMLLoader.loadImpl(FXMLLoader.java:2649)
	at javafx.fxml.FXMLLoader.loadImpl(FXMLLoader.java:2563)
	at javafx.fxml.FXMLLoader.loadImpl(FXMLLoader.java:3376)
	at javafx.fxml.FXMLLoader.loadImpl(FXMLLoader.java:3332)
	at javafx.fxml.FXMLLoader.loadImpl(FXMLLoader.java:3300)
	at javafx.fxml.FXMLLoader.loadImpl(FXMLLoader.java:3272)
	at javafx.fxml.FXMLLoader.loadImpl(FXMLLoader.java:3248)
	at javafx.fxml.FXMLLoader.load(FXMLLoader.java:3241)
	at Controllers.loginController.lambda$0(loginController.java:195)
	at com.sun.javafx.event.CompositeEventHandler.dispatchBubblingEvent(CompositeEventHandler.java:86)
	at com.sun.javafx.event.EventHandlerManager.dispatchBubblingEvent(EventHandlerManager.java:232)
	at com.sun.javafx.event.EventHandlerManager.dispatchBubblingEvent(EventHandlerManager.java:189)
	at com.sun.javafx.event.BasicEventDispatcher.dispatchEvent(BasicEventDispatcher.java:58)
	at com.sun.javafx.event.EventDispatchChainImpl.dispatchEvent(EventDispatchChainImpl.java:114)
	at com.sun.javafx.event.EventUtil.fireEventImpl(EventUtil.java:74)
	at com.sun.javafx.event.EventUtil.fireEvent(EventUtil.java:54)
	at javafx.event.Event.fireEvent(Event.java:198)
	at javafx.concurrent.EventHelper.fireEvent(EventHelper.java:219)
	at javafx.concurrent.Task.fireEvent(Task.java:1332)
	at javafx.concurrent.Task.setState(Task.java:725)
	at javafx.concurrent.Task$TaskCallable.lambda$call$1(Task.java:1410)
	at com.sun.javafx.application.PlatformImpl.lambda$runLater$10(PlatformImpl.java:456)
	at java.base/java.security.AccessController.doPrivileged(Unknown Source)
	at com.sun.javafx.application.PlatformImpl.lambda$runLater$11(PlatformImpl.java:455)
	at com.sun.glass.ui.InvokeLaterDispatcher$Future.run(InvokeLaterDispatcher.java:95)
	at com.sun.glass.ui.win.WinApplication._runLoop(Native Method)
	at com.sun.glass.ui.win.WinApplication.lambda$runLoop$3(WinApplication.java:185)
	at java.base/java.lang.Thread.run(Unknown Source)
Caused by: java.lang.reflect.InvocationTargetException: null
	at java.base/jdk.internal.reflect.DirectConstructorHandleAccessor.newInstance(Unknown Source)
	at java.base/java.lang.reflect.Constructor.newInstanceWithCaller(Unknown Source)
	at java.base/java.lang.reflect.Constructor.newInstance(Unknown Source)
	at javafx.fxml.FXMLLoader$ValueElement.processAttribute(FXMLLoader.java:941)
	... 32 common frames omitted
Caused by: java.lang.Error: Unresolved compilation problems: 
	controller cannot be resolved
	controller cannot be resolved

	at Controllers.adminDashboardController.<init>(adminDashboardController.java:299)
	... 36 common frames omitted
2025-10-09 00:14:26.389 [JavaFX Application Thread] INFO  Utils.ThreadPoolManager - Thread pool manager initialized
2025-10-09 00:14:26.417 [Thread-5077] INFO  com.zaxxer.hikari.HikariDataSource - HikariPool-1 - Starting...
2025-10-09 00:14:28.537 [Thread-5077] INFO  com.zaxxer.hikari.pool.HikariPool - HikariPool-1 - Added connection com.mysql.cj.jdbc.ConnectionImpl@576dfb3e
2025-10-09 00:14:28.543 [Thread-5077] INFO  com.zaxxer.hikari.HikariDataSource - HikariPool-1 - Start completed.
2025-10-09 00:14:28.543 [Thread-5077] INFO  Database.DatabaseConnectionManager - Database connection pool initialized successfully
2025-10-09 00:14:28.734 [Thread-5077] INFO  Controllers.loginController - User admin logged in successfully with role: admin
2025-10-09 00:14:28.754 [JavaFX Application Thread] ERROR Controllers.loginController - Failed to load dashboard for role: admin
javafx.fxml.LoadException: 
/D:/7.Java_Workspace/Porsche/target/classes/View/adminDashboard.fxml:22

	at javafx.fxml.FXMLLoader.constructLoadException(FXMLLoader.java:2722)
	at javafx.fxml.FXMLLoader$ValueElement.processAttribute(FXMLLoader.java:946)
	at javafx.fxml.FXMLLoader$InstanceDeclarationElement.processAttribute(FXMLLoader.java:983)
	at javafx.fxml.FXMLLoader$Element.processStartElement(FXMLLoader.java:230)
	at javafx.fxml.FXMLLoader$ValueElement.processStartElement(FXMLLoader.java:757)
	at javafx.fxml.FXMLLoader.processStartElement(FXMLLoader.java:2853)
	at javafx.fxml.FXMLLoader.loadImpl(FXMLLoader.java:2649)
	at javafx.fxml.FXMLLoader.loadImpl(FXMLLoader.java:2563)
	at javafx.fxml.FXMLLoader.loadImpl(FXMLLoader.java:3376)
	at javafx.fxml.FXMLLoader.loadImpl(FXMLLoader.java:3332)
	at javafx.fxml.FXMLLoader.loadImpl(FXMLLoader.java:3300)
	at javafx.fxml.FXMLLoader.loadImpl(FXMLLoader.java:3272)
	at javafx.fxml.FXMLLoader.loadImpl(FXMLLoader.java:3248)
	at javafx.fxml.FXMLLoader.load(FXMLLoader.java:3241)
	at Controllers.loginController.lambda$0(loginController.java:195)
	at com.sun.javafx.event.CompositeEventHandler.dispatchBubblingEvent(CompositeEventHandler.java:86)
	at com.sun.javafx.event.EventHandlerManager.dispatchBubblingEvent(EventHandlerManager.java:232)
	at com.sun.javafx.event.EventHandlerManager.dispatchBubblingEvent(EventHandlerManager.java:189)
	at com.sun.javafx.event.BasicEventDispatcher.dispatchEvent(BasicEventDispatcher.java:58)
	at com.sun.javafx.event.EventDispatchChainImpl.dispatchEvent(EventDispatchChainImpl.java:114)
	at com.sun.javafx.event.EventUtil.fireEventImpl(EventUtil.java:74)
	at com.sun.javafx.event.EventUtil.fireEvent(EventUtil.java:54)
	at javafx.event.Event.fireEvent(Event.java:198)
	at javafx.concurrent.EventHelper.fireEvent(EventHelper.java:219)
	at javafx.concurrent.Task.fireEvent(Task.java:1332)
	at javafx.concurrent.Task.setState(Task.java:725)
	at javafx.concurrent.Task$TaskCallable.lambda$call$1(Task.java:1410)
	at com.sun.javafx.application.PlatformImpl.lambda$runLater$10(PlatformImpl.java:456)
	at java.base/java.security.AccessController.doPrivileged(Unknown Source)
	at com.sun.javafx.application.PlatformImpl.lambda$runLater$11(PlatformImpl.java:455)
	at com.sun.glass.ui.InvokeLaterDispatcher$Future.run(InvokeLaterDispatcher.java:95)
	at com.sun.glass.ui.win.WinApplication._runLoop(Native Method)
	at com.sun.glass.ui.win.WinApplication.lambda$runLoop$3(WinApplication.java:185)
	at java.base/java.lang.Thread.run(Unknown Source)
Caused by: java.lang.reflect.InvocationTargetException: null
	at java.base/jdk.internal.reflect.DirectConstructorHandleAccessor.newInstance(Unknown Source)
	at java.base/java.lang.reflect.Constructor.newInstanceWithCaller(Unknown Source)
	at java.base/java.lang.reflect.Constructor.newInstance(Unknown Source)
	at javafx.fxml.FXMLLoader$ValueElement.processAttribute(FXMLLoader.java:941)
	... 32 common frames omitted
Caused by: java.lang.Error: Unresolved compilation problems: 
	controller cannot be resolved
	controller cannot be resolved

	at Controllers.adminDashboardController.<init>(adminDashboardController.java:299)
	... 36 common frames omitted
2025-10-09 00:54:59.624 [JavaFX Application Thread] INFO  Utils.ThreadPoolManager - Thread pool manager initialized
2025-10-09 00:54:59.691 [Thread-3775] INFO  com.zaxxer.hikari.HikariDataSource - HikariPool-1 - Starting...
2025-10-09 00:55:01.710 [Thread-3775] INFO  com.zaxxer.hikari.pool.HikariPool - HikariPool-1 - Added connection com.mysql.cj.jdbc.ConnectionImpl@4ac4224f
2025-10-09 00:55:01.718 [Thread-3775] INFO  com.zaxxer.hikari.HikariDataSource - HikariPool-1 - Start completed.
2025-10-09 00:55:01.720 [Thread-3775] INFO  Database.DatabaseConnectionManager - Database connection pool initialized successfully
2025-10-09 00:55:01.985 [Thread-3775] INFO  Controllers.loginController - User admin logged in successfully with role: admin
2025-10-09 00:57:12.320 [JavaFX Application Thread] INFO  Utils.ThreadPoolManager - Thread pool manager initialized
2025-10-09 00:57:12.362 [Thread-824] INFO  com.zaxxer.hikari.HikariDataSource - HikariPool-1 - Starting...
2025-10-09 00:57:15.935 [Thread-824] INFO  com.zaxxer.hikari.pool.HikariPool - HikariPool-1 - Added connection com.mysql.cj.jdbc.ConnectionImpl@1a089d6f
2025-10-09 00:57:15.938 [Thread-824] INFO  com.zaxxer.hikari.HikariDataSource - HikariPool-1 - Start completed.
2025-10-09 00:57:15.938 [Thread-824] INFO  Database.DatabaseConnectionManager - Database connection pool initialized successfully
2025-10-09 00:57:16.197 [Thread-824] INFO  Controllers.loginController - User admin logged in successfully with role: admin
2025-10-09 00:58:20.016 [Thread-14713] INFO  Controllers.loginController - User zaw lin logged in successfully with role: manager
2025-10-09 00:58:37.634 [JavaFX Application Thread] INFO  Utils.LogoutHelper - User 10 logged out successfully
2025-10-09 00:58:42.832 [Thread-14713] INFO  Controllers.loginController - User admin logged in successfully with role: admin
2025-10-09 00:58:44.957 [Thread-22397] DEBUG DAO.AdminAccountDAO - AdminAccountDAO initialized with connection from pool
2025-10-09 10:45:58.511 [JavaFX Application Thread] INFO  Utils.ThreadPoolManager - Thread pool manager initialized
2025-10-09 10:45:58.698 [Thread-6845] INFO  com.zaxxer.hikari.HikariDataSource - HikariPool-1 - Starting...
2025-10-09 10:46:01.640 [Thread-6845] INFO  com.zaxxer.hikari.pool.HikariPool - HikariPool-1 - Added connection com.mysql.cj.jdbc.ConnectionImpl@44195bc5
2025-10-09 10:46:01.644 [Thread-6845] INFO  com.zaxxer.hikari.HikariDataSource - HikariPool-1 - Start completed.
2025-10-09 10:46:01.645 [Thread-6845] INFO  Database.DatabaseConnectionManager - Database connection pool initialized successfully
2025-10-09 10:46:01.852 [Thread-6845] INFO  Controllers.loginController - User staff logged in successfully with role: staff
2025-10-09 10:58:54.974 [JavaFX Application Thread] INFO  Utils.ThreadPoolManager - Thread pool manager initialized
2025-10-09 10:58:55.012 [Thread-2110] INFO  com.zaxxer.hikari.HikariDataSource - HikariPool-1 - Starting...
2025-10-09 10:58:56.988 [Thread-2110] INFO  com.zaxxer.hikari.pool.HikariPool - HikariPool-1 - Added connection com.mysql.cj.jdbc.ConnectionImpl@637fe122
2025-10-09 10:58:56.993 [Thread-2110] INFO  com.zaxxer.hikari.HikariDataSource - HikariPool-1 - Start completed.
2025-10-09 10:58:56.994 [Thread-2110] INFO  Database.DatabaseConnectionManager - Database connection pool initialized successfully
2025-10-09 10:58:57.205 [Thread-2110] INFO  Controllers.loginController - User staff logged in successfully with role: staff
2025-10-09 11:06:35.184 [JavaFX Application Thread] INFO  Utils.ThreadPoolManager - Thread pool manager initialized
2025-10-09 11:06:35.226 [Thread-1494] INFO  com.zaxxer.hikari.HikariDataSource - HikariPool-1 - Starting...
2025-10-09 11:06:37.143 [Thread-1494] INFO  com.zaxxer.hikari.pool.HikariPool - HikariPool-1 - Added connection com.mysql.cj.jdbc.ConnectionImpl@1f9aade8
2025-10-09 11:06:37.147 [Thread-1494] INFO  com.zaxxer.hikari.HikariDataSource - HikariPool-1 - Start completed.
2025-10-09 11:06:37.148 [Thread-1494] INFO  Database.DatabaseConnectionManager - Database connection pool initialized successfully
2025-10-09 11:06:37.326 [Thread-1494] INFO  Controllers.loginController - User staff logged in successfully with role: staff
2025-10-09 11:07:22.850 [JavaFX Application Thread] INFO  Utils.ThreadPoolManager - Thread pool manager initialized
2025-10-09 11:07:22.899 [Thread-1033] INFO  com.zaxxer.hikari.HikariDataSource - HikariPool-1 - Starting...
2025-10-09 11:07:24.773 [Thread-1033] INFO  com.zaxxer.hikari.pool.HikariPool - HikariPool-1 - Added connection com.mysql.cj.jdbc.ConnectionImpl@3c4d7802
2025-10-09 11:07:24.777 [Thread-1033] INFO  com.zaxxer.hikari.HikariDataSource - HikariPool-1 - Start completed.
2025-10-09 11:07:24.778 [Thread-1033] INFO  Database.DatabaseConnectionManager - Database connection pool initialized successfully
2025-10-09 11:07:24.970 [Thread-1033] INFO  Controllers.loginController - User staff logged in successfully with role: staff
2025-10-09 11:09:28.446 [JavaFX Application Thread] INFO  Utils.ThreadPoolManager - Thread pool manager initialized
2025-10-09 11:09:28.479 [Thread-2307] INFO  com.zaxxer.hikari.HikariDataSource - HikariPool-1 - Starting...
2025-10-09 11:09:31.857 [Thread-2307] INFO  com.zaxxer.hikari.pool.HikariPool - HikariPool-1 - Added connection com.mysql.cj.jdbc.ConnectionImpl@1ede1233
2025-10-09 11:09:31.860 [Thread-2307] INFO  com.zaxxer.hikari.HikariDataSource - HikariPool-1 - Start completed.
2025-10-09 11:09:31.860 [Thread-2307] INFO  Database.DatabaseConnectionManager - Database connection pool initialized successfully
2025-10-09 11:09:32.427 [Thread-2307] INFO  Controllers.loginController - User staff logged in successfully with role: staff
2025-10-09 11:09:54.845 [JavaFX Application Thread] INFO  Utils.ThreadPoolManager - Thread pool manager initialized
2025-10-09 11:09:54.887 [Thread-1082] INFO  com.zaxxer.hikari.HikariDataSource - HikariPool-1 - Starting...
2025-10-09 11:09:56.573 [Thread-1082] INFO  com.zaxxer.hikari.pool.HikariPool - HikariPool-1 - Added connection com.mysql.cj.jdbc.ConnectionImpl@75251c1d
2025-10-09 11:09:56.577 [Thread-1082] INFO  com.zaxxer.hikari.HikariDataSource - HikariPool-1 - Start completed.
2025-10-09 11:09:56.577 [Thread-1082] INFO  Database.DatabaseConnectionManager - Database connection pool initialized successfully
2025-10-09 11:09:56.735 [Thread-1082] INFO  Controllers.loginController - User staff logged in successfully with role: staff
2025-10-09 11:15:43.804 [JavaFX Application Thread] INFO  Utils.ThreadPoolManager - Thread pool manager initialized
2025-10-09 11:15:43.857 [Thread-1081] INFO  com.zaxxer.hikari.HikariDataSource - HikariPool-1 - Starting...
2025-10-09 11:15:45.875 [Thread-1081] INFO  com.zaxxer.hikari.pool.HikariPool - HikariPool-1 - Added connection com.mysql.cj.jdbc.ConnectionImpl@7beff640
2025-10-09 11:15:45.881 [Thread-1081] INFO  com.zaxxer.hikari.HikariDataSource - HikariPool-1 - Start completed.
2025-10-09 11:15:45.881 [Thread-1081] INFO  Database.DatabaseConnectionManager - Database connection pool initialized successfully
2025-10-09 11:15:46.061 [Thread-1081] INFO  Controllers.loginController - User staff logged in successfully with role: staff
