2025-10-13 08:54:19.942 [JavaFX Application Thread] INFO  Utils.ThreadPoolManager - Thread pool manager initialized
2025-10-13 08:54:19.986 [Thread-6074] INFO  com.zaxxer.hikari.HikariDataSource - HikariPool-1 - Starting...
2025-10-13 08:54:21.210 [JavaFX Application Thread] ERROR Controllers.loginController - Login task failed
com.zaxxer.hikari.pool.HikariPool$PoolInitializationException: Failed to initialize pool: Communications link failure

The last packet sent successfully to the server was 0 milliseconds ago. The driver has not received any packets from the server.
	at com.zaxxer.hikari.pool.HikariPool.throwPoolInitializationException(HikariPool.java:584)
	at com.zaxxer.hikari.pool.HikariPool.checkFailFast(HikariPool.java:571)
	at com.zaxxer.hikari.pool.HikariPool.<init>(HikariPool.java:98)
	at com.zaxxer.hikari.HikariDataSource.<init>(HikariDataSource.java:80)
	at Database.DatabaseConnectionManager.<init>(DatabaseConnectionManager.java:44)
	at Database.DatabaseConnectionManager.getInstance(DatabaseConnectionManager.java:65)
	at Controllers.loginController$1.call(loginController.java:141)
	at Controllers.loginController$1.call(loginController.java:1)
	at javafx.concurrent.Task$TaskCallable.call(Task.java:1399)
	at java.base/java.util.concurrent.FutureTask.run(FutureTask.java:328)
	at java.base/java.util.concurrent.ThreadPoolExecutor.runWorker(ThreadPoolExecutor.java:1095)
	at java.base/java.util.concurrent.ThreadPoolExecutor$Worker.run(ThreadPoolExecutor.java:619)
	at java.base/java.lang.Thread.run(Thread.java:1447)
Caused by: com.mysql.cj.jdbc.exceptions.CommunicationsException: Communications link failure

The last packet sent successfully to the server was 0 milliseconds ago. The driver has not received any packets from the server.
	at com.mysql.cj.jdbc.exceptions.SQLError.createCommunicationsException(SQLError.java:165)
	at com.mysql.cj.jdbc.exceptions.SQLExceptionsMapping.translateException(SQLExceptionsMapping.java:55)
	at com.mysql.cj.jdbc.ConnectionImpl.createNewIO(ConnectionImpl.java:861)
	at com.mysql.cj.jdbc.ConnectionImpl.<init>(ConnectionImpl.java:449)
	at com.mysql.cj.jdbc.ConnectionImpl.getInstance(ConnectionImpl.java:234)
	at com.mysql.cj.jdbc.NonRegisteringDriver.connect(NonRegisteringDriver.java:180)
	at com.zaxxer.hikari.util.DriverDataSource.getConnection(DriverDataSource.java:137)
	at com.zaxxer.hikari.pool.PoolBase.newConnection(PoolBase.java:360)
	at com.zaxxer.hikari.pool.PoolBase.newPoolEntry(PoolBase.java:202)
	at com.zaxxer.hikari.pool.HikariPool.createPoolEntry(HikariPool.java:461)
	at com.zaxxer.hikari.pool.HikariPool.checkFailFast(HikariPool.java:550)
	... 11 common frames omitted
Caused by: com.mysql.cj.exceptions.CJCommunicationsException: Communications link failure

The last packet sent successfully to the server was 0 milliseconds ago. The driver has not received any packets from the server.
	at java.base/jdk.internal.reflect.DirectConstructorHandleAccessor.newInstance(DirectConstructorHandleAccessor.java:62)
	at java.base/java.lang.reflect.Constructor.newInstanceWithCaller(Constructor.java:499)
	at java.base/java.lang.reflect.Constructor.newInstance(Constructor.java:483)
	at com.mysql.cj.exceptions.ExceptionFactory.createException(ExceptionFactory.java:52)
	at com.mysql.cj.exceptions.ExceptionFactory.createException(ExceptionFactory.java:95)
	at com.mysql.cj.exceptions.ExceptionFactory.createException(ExceptionFactory.java:140)
	at com.mysql.cj.exceptions.ExceptionFactory.createCommunicationsException(ExceptionFactory.java:156)
	at com.mysql.cj.protocol.a.NativeSocketConnection.connect(NativeSocketConnection.java:79)
	at com.mysql.cj.NativeSession.connect(NativeSession.java:139)
	at com.mysql.cj.jdbc.ConnectionImpl.connectOneTryOnly(ConnectionImpl.java:980)
	at com.mysql.cj.jdbc.ConnectionImpl.createNewIO(ConnectionImpl.java:851)
	... 19 common frames omitted
Caused by: java.net.UnknownHostException: No such host is known (car-pg3-anthtooaung2792005-fda5.d.aivencloud.com)
	at java.base/java.net.Inet6AddressImpl.lookupAllHostAddr(Native Method)
	at java.base/java.net.Inet6AddressImpl.lookupAllHostAddr(Inet6AddressImpl.java:52)
	at java.base/java.net.InetAddress$PlatformResolver.lookupByName(InetAddress.java:1128)
	at java.base/java.net.InetAddress.getAddressesFromNameService(InetAddress.java:1697)
	at java.base/java.net.InetAddress$NameServiceAddresses.get(InetAddress.java:1056)
	at java.base/java.net.InetAddress.getAllByName0(InetAddress.java:1687)
	at java.base/java.net.InetAddress.getAllByName(InetAddress.java:1568)
	at com.mysql.cj.protocol.StandardSocketFactory.connect(StandardSocketFactory.java:121)
	at com.mysql.cj.protocol.a.NativeSocketConnection.connect(NativeSocketConnection.java:53)
	... 22 common frames omitted
2025-10-13 08:57:19.179 [JavaFX Application Thread] INFO  Utils.ThreadPoolManager - Thread pool manager initialized
2025-10-13 08:57:19.202 [Thread-5077] INFO  com.zaxxer.hikari.HikariDataSource - HikariPool-1 - Starting...
2025-10-13 08:57:21.339 [JavaFX Application Thread] ERROR Controllers.loginController - Login task failed
com.zaxxer.hikari.pool.HikariPool$PoolInitializationException: Failed to initialize pool: Communications link failure

The last packet sent successfully to the server was 0 milliseconds ago. The driver has not received any packets from the server.
	at com.zaxxer.hikari.pool.HikariPool.throwPoolInitializationException(HikariPool.java:584)
	at com.zaxxer.hikari.pool.HikariPool.checkFailFast(HikariPool.java:571)
	at com.zaxxer.hikari.pool.HikariPool.<init>(HikariPool.java:98)
	at com.zaxxer.hikari.HikariDataSource.<init>(HikariDataSource.java:80)
	at Database.DatabaseConnectionManager.<init>(DatabaseConnectionManager.java:44)
	at Database.DatabaseConnectionManager.getInstance(DatabaseConnectionManager.java:65)
	at Controllers.loginController$1.call(loginController.java:141)
	at Controllers.loginController$1.call(loginController.java:1)
	at javafx.concurrent.Task$TaskCallable.call(Task.java:1399)
	at java.base/java.util.concurrent.FutureTask.run(FutureTask.java:328)
	at java.base/java.util.concurrent.ThreadPoolExecutor.runWorker(ThreadPoolExecutor.java:1095)
	at java.base/java.util.concurrent.ThreadPoolExecutor$Worker.run(ThreadPoolExecutor.java:619)
	at java.base/java.lang.Thread.run(Thread.java:1447)
Caused by: com.mysql.cj.jdbc.exceptions.CommunicationsException: Communications link failure

The last packet sent successfully to the server was 0 milliseconds ago. The driver has not received any packets from the server.
	at com.mysql.cj.jdbc.exceptions.SQLError.createCommunicationsException(SQLError.java:165)
	at com.mysql.cj.jdbc.exceptions.SQLExceptionsMapping.translateException(SQLExceptionsMapping.java:55)
	at com.mysql.cj.jdbc.ConnectionImpl.createNewIO(ConnectionImpl.java:861)
	at com.mysql.cj.jdbc.ConnectionImpl.<init>(ConnectionImpl.java:449)
	at com.mysql.cj.jdbc.ConnectionImpl.getInstance(ConnectionImpl.java:234)
	at com.mysql.cj.jdbc.NonRegisteringDriver.connect(NonRegisteringDriver.java:180)
	at com.zaxxer.hikari.util.DriverDataSource.getConnection(DriverDataSource.java:137)
	at com.zaxxer.hikari.pool.PoolBase.newConnection(PoolBase.java:360)
	at com.zaxxer.hikari.pool.PoolBase.newPoolEntry(PoolBase.java:202)
	at com.zaxxer.hikari.pool.HikariPool.createPoolEntry(HikariPool.java:461)
	at com.zaxxer.hikari.pool.HikariPool.checkFailFast(HikariPool.java:550)
	... 11 common frames omitted
Caused by: com.mysql.cj.exceptions.CJCommunicationsException: Communications link failure

The last packet sent successfully to the server was 0 milliseconds ago. The driver has not received any packets from the server.
	at java.base/jdk.internal.reflect.DirectConstructorHandleAccessor.newInstance(DirectConstructorHandleAccessor.java:62)
	at java.base/java.lang.reflect.Constructor.newInstanceWithCaller(Constructor.java:499)
	at java.base/java.lang.reflect.Constructor.newInstance(Constructor.java:483)
	at com.mysql.cj.exceptions.ExceptionFactory.createException(ExceptionFactory.java:52)
	at com.mysql.cj.exceptions.ExceptionFactory.createException(ExceptionFactory.java:95)
	at com.mysql.cj.exceptions.ExceptionFactory.createException(ExceptionFactory.java:140)
	at com.mysql.cj.exceptions.ExceptionFactory.createCommunicationsException(ExceptionFactory.java:156)
	at com.mysql.cj.protocol.a.NativeProtocol.negotiateSSLConnection(NativeProtocol.java:367)
	at com.mysql.cj.protocol.a.NativeAuthenticationProvider.connect(NativeAuthenticationProvider.java:198)
	at com.mysql.cj.protocol.a.NativeProtocol.connect(NativeProtocol.java:1340)
	at com.mysql.cj.NativeSession.connect(NativeSession.java:152)
	at com.mysql.cj.jdbc.ConnectionImpl.connectOneTryOnly(ConnectionImpl.java:980)
	at com.mysql.cj.jdbc.ConnectionImpl.createNewIO(ConnectionImpl.java:851)
	... 19 common frames omitted
Caused by: java.net.SocketException: Connection reset by peer
	at java.base/sun.nio.ch.SocketDispatcher.write0(Native Method)
	at java.base/sun.nio.ch.SocketDispatcher.write(SocketDispatcher.java:54)
	at java.base/sun.nio.ch.NioSocketImpl.tryWrite(NioSocketImpl.java:393)
	at java.base/sun.nio.ch.NioSocketImpl.implWrite(NioSocketImpl.java:409)
	at java.base/sun.nio.ch.NioSocketImpl.write(NioSocketImpl.java:439)
	at java.base/sun.nio.ch.NioSocketImpl$2.write(NioSocketImpl.java:813)
	at java.base/java.net.Socket$SocketOutputStream.implWrite(Socket.java:1098)
	at java.base/java.net.Socket$SocketOutputStream.write(Socket.java:1085)
	at java.base/sun.security.ssl.SSLSocketOutputRecord.flush(SSLSocketOutputRecord.java:271)
	at java.base/sun.security.ssl.HandshakeOutStream.flush(HandshakeOutStream.java:89)
	at java.base/sun.security.ssl.ClientHello$ClientHelloKickstartProducer.produce(ClientHello.java:643)
	at java.base/sun.security.ssl.SSLHandshake.kickstart(SSLHandshake.java:526)
	at java.base/sun.security.ssl.ClientHandshakeContext.kickstart(ClientHandshakeContext.java:112)
	at java.base/sun.security.ssl.TransportContext.kickstart(TransportContext.java:256)
	at java.base/sun.security.ssl.SSLSocketImpl.startHandshake(SSLSocketImpl.java:448)
	at java.base/sun.security.ssl.SSLSocketImpl.startHandshake(SSLSocketImpl.java:426)
	at com.mysql.cj.protocol.ExportControlled.performTlsHandshake(ExportControlled.java:206)
	at com.mysql.cj.protocol.StandardSocketFactory.performTlsHandshake(StandardSocketFactory.java:183)
	at com.mysql.cj.protocol.a.NativeSocketConnection.performTlsHandshake(NativeSocketConnection.java:91)
	at com.mysql.cj.protocol.a.NativeProtocol.negotiateSSLConnection(NativeProtocol.java:358)
	... 24 common frames omitted
2025-10-13 08:57:29.190 [Thread-5077] INFO  com.zaxxer.hikari.HikariDataSource - HikariPool-2 - Starting...
2025-10-13 08:57:31.086 [Thread-5077] INFO  com.zaxxer.hikari.pool.HikariPool - HikariPool-2 - Added connection com.mysql.cj.jdbc.ConnectionImpl@5929fd7f
2025-10-13 08:57:31.088 [Thread-5077] INFO  com.zaxxer.hikari.HikariDataSource - HikariPool-2 - Start completed.
2025-10-13 08:57:31.089 [Thread-5077] INFO  Database.DatabaseConnectionManager - Database connection pool initialized successfully
2025-10-13 08:57:31.434 [Thread-5077] INFO  Controllers.loginController - User manager logged in successfully with role: manager
2025-10-13 09:01:44.712 [Thread-5081] INFO  C.managerOrderManagementController - Loaded 10 orders successfully
2025-10-13 09:02:27.589 [Thread-5083] INFO  C.managerOrderManagementController - Loaded 10 orders successfully
2025-10-13 09:02:32.152 [JavaFX Application Thread] INFO  C.managerOrderManagementController - Loaded 10 orders successfully
2025-10-13 09:02:32.240 [JavaFX Application Thread] INFO  C.managerOrderManagementController - Loaded 10 orders successfully
2025-10-13 09:02:32.317 [JavaFX Application Thread] INFO  C.managerOrderManagementController - Loaded 10 orders successfully
2025-10-13 09:02:32.391 [JavaFX Application Thread] INFO  C.managerOrderManagementController - Loaded 10 orders successfully
2025-10-13 09:02:33.639 [JavaFX Application Thread] INFO  C.managerOrderManagementController - Loaded 10 orders successfully
2025-10-13 09:02:33.714 [JavaFX Application Thread] INFO  C.managerOrderManagementController - Loaded 10 orders successfully
2025-10-13 09:02:33.788 [JavaFX Application Thread] INFO  C.managerOrderManagementController - Loaded 10 orders successfully
2025-10-13 09:02:33.874 [JavaFX Application Thread] INFO  C.managerOrderManagementController - Loaded 10 orders successfully
2025-10-13 09:04:58.995 [Thread-5088] INFO  C.managerOrderManagementController - Loaded 10 orders successfully
2025-10-13 09:04:59.174 [Thread-5089] INFO  C.managerOrderManagementController - Loaded 10 orders successfully
2025-10-13 09:08:21.129 [JavaFX Application Thread] INFO  Utils.ThreadPoolManager - Thread pool manager initialized
2025-10-13 09:08:21.155 [Thread-957] INFO  com.zaxxer.hikari.HikariDataSource - HikariPool-1 - Starting...
2025-10-13 09:08:22.260 [Thread-957] INFO  com.zaxxer.hikari.pool.HikariPool - HikariPool-1 - Added connection com.mysql.cj.jdbc.ConnectionImpl@19a7bd74
2025-10-13 09:08:22.266 [Thread-957] INFO  com.zaxxer.hikari.HikariDataSource - HikariPool-1 - Start completed.
2025-10-13 09:08:22.267 [Thread-957] INFO  Database.DatabaseConnectionManager - Database connection pool initialized successfully
2025-10-13 09:08:22.427 [Thread-957] INFO  Controllers.loginController - User manager logged in successfully with role: manager
2025-10-13 09:09:20.445 [JavaFX Application Thread] INFO  Utils.LogoutHelper - User 2 logged out successfully
2025-10-13 09:10:10.207 [JavaFX Application Thread] INFO  Utils.ThreadPoolManager - Thread pool manager initialized
2025-10-13 09:10:10.230 [Thread-5077] INFO  com.zaxxer.hikari.HikariDataSource - HikariPool-1 - Starting...
2025-10-13 09:10:11.460 [Thread-5077] INFO  com.zaxxer.hikari.pool.HikariPool - HikariPool-1 - Added connection com.mysql.cj.jdbc.ConnectionImpl@302781ef
2025-10-13 09:10:11.467 [Thread-5077] INFO  com.zaxxer.hikari.HikariDataSource - HikariPool-1 - Start completed.
2025-10-13 09:10:11.468 [Thread-5077] INFO  Database.DatabaseConnectionManager - Database connection pool initialized successfully
2025-10-13 09:10:11.670 [Thread-5077] INFO  Controllers.loginController - User manager logged in successfully with role: manager
2025-10-13 09:21:18.448 [JavaFX Application Thread] INFO  Utils.ThreadPoolManager - Thread pool manager initialized
2025-10-13 09:21:18.481 [Thread-2015] INFO  com.zaxxer.hikari.HikariDataSource - HikariPool-1 - Starting...
2025-10-13 09:21:19.679 [Thread-2015] INFO  com.zaxxer.hikari.pool.HikariPool - HikariPool-1 - Added connection com.mysql.cj.jdbc.ConnectionImpl@484a064c
2025-10-13 09:21:19.682 [Thread-2015] INFO  com.zaxxer.hikari.HikariDataSource - HikariPool-1 - Start completed.
2025-10-13 09:21:19.682 [Thread-2015] INFO  Database.DatabaseConnectionManager - Database connection pool initialized successfully
2025-10-13 09:21:19.850 [Thread-2015] INFO  Controllers.loginController - User manager logged in successfully with role: manager
2025-10-13 09:55:31.895 [JavaFX Application Thread] INFO  Utils.ThreadPoolManager - Thread pool manager initialized
2025-10-13 09:55:31.919 [Thread-11154] INFO  com.zaxxer.hikari.HikariDataSource - HikariPool-1 - Starting...
2025-10-13 09:55:33.033 [Thread-11154] INFO  com.zaxxer.hikari.pool.HikariPool - HikariPool-1 - Added connection com.mysql.cj.jdbc.ConnectionImpl@2e1622fc
2025-10-13 09:55:33.035 [Thread-11154] INFO  com.zaxxer.hikari.HikariDataSource - HikariPool-1 - Start completed.
2025-10-13 09:55:33.035 [Thread-11154] INFO  Database.DatabaseConnectionManager - Database connection pool initialized successfully
2025-10-13 09:55:33.196 [Thread-11154] INFO  Controllers.loginController - User manager logged in successfully with role: manager
